** Drc report for PCB_V1.kicad_pcb **
** Created on 2026-09-27T10:49:25 **
** Report includes: Errors, Warnings **

** Found 12 DRC violations **
[drill_out_of_range]: Размер отверстия вне диапазона (заданные ограничения платы минимальное отверстие 0,3000 mm; фактическое 0,2000 mm)
    Rule: заданные ограничения платы; error
    @(592.1000 mm, 201.7600 mm): PTH pad 39 [GND] of U201
[drill_out_of_range]: Размер отверстия вне диапазона (заданные ограничения платы минимальное отверстие 0,3000 mm; фактическое 0,2000 mm)
    Rule: заданные ограничения платы; error
    @(592.1000 mm, 203.1600 mm): PTH pad 39 [GND] of U201
[drill_out_of_range]: Размер отверстия вне диапазона (заданные ограничения платы минимальное отверстие 0,3000 mm; фактическое 0,2000 mm)
    Rule: заданные ограничения платы; error
    @(592.8000 mm, 201.0600 mm): PTH pad 39 [GND] of U201
[drill_out_of_range]: Размер отверстия вне диапазона (заданные ограничения платы минимальное отверстие 0,3000 mm; фактическое 0,2000 mm)
    Rule: заданные ограничения платы; error
    @(592.8000 mm, 202.4600 mm): PTH pad 39 [GND] of U201
[drill_out_of_range]: Размер отверстия вне диапазона (заданные ограничения платы минимальное отверстие 0,3000 mm; фактическое 0,2000 mm)
    Rule: заданные ограничения платы; error
    @(592.8000 mm, 203.8600 mm): PTH pad 39 [GND] of U201
[drill_out_of_range]: Размер отверстия вне диапазона (заданные ограничения платы минимальное отверстие 0,3000 mm; фактическое 0,2000 mm)
    Rule: заданные ограничения платы; error
    @(593.5000 mm, 201.7600 mm): PTH pad 39 [GND] of U201
[drill_out_of_range]: Размер отверстия вне диапазона (заданные ограничения платы минимальное отверстие 0,3000 mm; фактическое 0,2000 mm)
    Rule: заданные ограничения платы; error
    @(593.5000 mm, 203.1600 mm): PTH pad 39 [GND] of U201
[drill_out_of_range]: Размер отверстия вне диапазона (заданные ограничения платы минимальное отверстие 0,3000 mm; фактическое 0,2000 mm)
    Rule: заданные ограничения платы; error
    @(594.2000 mm, 201.0600 mm): PTH pad 39 [GND] of U201
[drill_out_of_range]: Размер отверстия вне диапазона (заданные ограничения платы минимальное отверстие 0,3000 mm; фактическое 0,2000 mm)
    Rule: заданные ограничения платы; error
    @(594.2000 mm, 202.4600 mm): PTH pad 39 [GND] of U201
[drill_out_of_range]: Размер отверстия вне диапазона (заданные ограничения платы минимальное отверстие 0,3000 mm; фактическое 0,2000 mm)
    Rule: заданные ограничения платы; error
    @(594.2000 mm, 203.8600 mm): PTH pad 39 [GND] of U201
[drill_out_of_range]: Размер отверстия вне диапазона (заданные ограничения платы минимальное отверстие 0,3000 mm; фактическое 0,2000 mm)
    Rule: заданные ограничения платы; error
    @(594.9000 mm, 201.7600 mm): PTH pad 39 [GND] of U201
[drill_out_of_range]: Размер отверстия вне диапазона (заданные ограничения платы минимальное отверстие 0,3000 mm; фактическое 0,2000 mm)
    Rule: заданные ограничения платы; error
    @(594.9000 mm, 203.1600 mm): PTH pad 39 [GND] of U201

** Found 366 unconnected pads **
[unconnected_items]: Missing connection between items
    Local override; error
    @(491.8500 mm, 198.1000 mm): Pad 1 [/MCU / ESP32/ESP_EN] of SW201 on F.Cu
    @(498.1500 mm, 198.1000 mm): Pad 1 [/MCU / ESP32/ESP_EN] of SW201 on F.Cu
[unconnected_items]: Missing connection between items
    Local override; error
    @(498.1500 mm, 198.1000 mm): Pad 1 [/MCU / ESP32/ESP_EN] of SW201 on F.Cu
    @(586.2500 mm, 197.2800 mm): Pad 3 [/MCU / ESP32/ESP_EN] of U201 on F.Cu
[unconnected_items]: Missing connection between items
    Local override; error
    @(586.2500 mm, 197.2800 mm): Pad 3 [/MCU / ESP32/ESP_EN] of U201 on F.Cu
    @(595.0000 mm, 60.1600 mm): PTH pad 5 [/MCU / ESP32/ESP_EN] of J201
[unconnected_items]: Missing connection between items
    Local override; error
    @(595.0000 mm, 60.1600 mm): PTH pad 5 [/MCU / ESP32/ESP_EN] of J201
    @(544.2250 mm, 50.0000 mm): Pad 1 [/MCU / ESP32/ESP_EN] of C203 on F.Cu
[unconnected_items]: Missing connection between items
    Local override; error
    @(645.8250 mm, 50.0000 mm): Pad 2 [/MCU / ESP32/ESP_EN] of R201 on F.Cu
    @(595.0000 mm, 60.1600 mm): PTH pad 5 [/MCU / ESP32/ESP_EN] of J201
[unconnected_items]: Missing connection between items
    Local override; error
    @(175.0000 mm, 645.0000 mm): PTH pad 1 [GND] of J511
    @(175.0000 mm, 650.0000 mm): PTH pad 1 [GND] of J511
[unconnected_items]: Missing connection between items
    Local override; error
    @(175.8250 mm, 1500.0000 mm): Pad 2 [GND] of R702 on F.Cu
    @(225.8250 mm, 1500.0000 mm): Pad 2 [GND] of R703 on F.Cu
[unconnected_items]: Missing connection between items
    Local override; error
    @(175.8250 mm, 1750.0000 mm): Pad 2 [GND] of R738 on F.Cu
    @(223.8625 mm, 1750.9500 mm): Pad 3 [GND] of U700 on F.Cu
[unconnected_items]: Missing connection between items
    Local override; error
    @(175.9500 mm, 1300.0000 mm): Pad 2 [GND] of C731 on F.Cu
    @(176.4750 mm, 1350.0000 mm): Pad 2 [GND] of C736 on F.Cu
[unconnected_items]: Missing connection between items
    Local override; error
    @(176.4625 mm, 1650.0000 mm): Pad 2 [GND] of R726 on F.Cu
    @(275.8250 mm, 1650.0000 mm): Pad 2 [GND] of R728 on F.Cu
[unconnected_items]: Missing connection between items
    Local override; error
    @(176.4750 mm, 600.0000 mm): Pad 2 [GND] of C521 on F.Cu
    @(175.0000 mm, 645.0000 mm): PTH pad 1 [GND] of J511
[unconnected_items]: Missing connection between items
    Local override; error
    @(176.4750 mm, 1200.0000 mm): Pad 2 [GND] of C715 on F.Cu
    @(226.4750 mm, 1200.0000 mm): Pad 2 [GND] of C716 on F.Cu
[unconnected_items]: Missing connection between items
    Local override; error
    @(176.4750 mm, 1200.0000 mm): Pad 2 [GND] of C715 on F.Cu
    @(175.7750 mm, 1150.0000 mm): Pad 2 [GND] of C700 on F.Cu
[unconnected_items]: Missing connection between items
    Local override; error
    @(176.4750 mm, 1350.0000 mm): Pad 2 [GND] of C736 on F.Cu
    @(226.4750 mm, 1350.0000 mm): Pad 2 [GND] of C737 on F.Cu
[unconnected_items]: Missing connection between items
    Local override; error
    @(223.8625 mm, 1750.9500 mm): Pad 3 [GND] of U700 on F.Cu
    @(272.5250 mm, 1750.6350 mm): Pad 3 [GND] of U710 on F.Cu
[unconnected_items]: Missing connection between items
    Local override; error
    @(225.0000 mm, 150.0000 mm): Pad 1 [GND] of TP103 on F.Cu
    @(273.8625 mm, 149.0500 mm): Pad 1 [GND] of U101 on F.Cu
[unconnected_items]: Missing connection between items
    Local override; error
    @(225.7750 mm, 50.0000 mm): Pad 2 [GND] of C102 on F.Cu
    @(176.4750 mm, 50.0000 mm): Pad 2 [GND] of C101 on F.Cu
[unconnected_items]: Missing connection between items
    Local override; error
    @(225.7750 mm, 50.0000 mm): Pad 2 [GND] of C102 on F.Cu
    @(225.0000 mm, 150.0000 mm): Pad 1 [GND] of TP103 on F.Cu
[unconnected_items]: Missing connection between items
    Local override; error
    @(225.7750 mm, 1250.0000 mm): Pad 2 [GND] of C724 on F.Cu
    @(175.7750 mm, 1250.0000 mm): Pad 2 [GND] of C723 on F.Cu
[unconnected_items]: Missing connection between items
    Local override; error
    @(225.7750 mm, 1250.0000 mm): Pad 2 [GND] of C724 on F.Cu
    @(226.4750 mm, 1200.0000 mm): Pad 2 [GND] of C716 on F.Cu
[unconnected_items]: Missing connection between items
    Local override; error
    @(225.7750 mm, 1300.0000 mm): Pad 2 [GND] of C732 on F.Cu
    @(175.9500 mm, 1300.0000 mm): Pad 2 [GND] of C731 on F.Cu
[unconnected_items]: Missing connection between items
    Local override; error
    @(225.7750 mm, 1300.0000 mm): Pad 2 [GND] of C732 on F.Cu
    @(225.7750 mm, 1250.0000 mm): Pad 2 [GND] of C724 on F.Cu
[unconnected_items]: Missing connection between items
    Local override; error
    @(225.8875 mm, 600.0000 mm): Pad 3 [GND] of D501 on F.Cu
    @(176.4750 mm, 600.0000 mm): Pad 2 [GND] of C521 on F.Cu
[unconnected_items]: Missing connection between items
    Local override; error
    @(225.8875 mm, 600.0000 mm): Pad 3 [GND] of D501 on F.Cu
    @(275.8875 mm, 600.0000 mm): Pad 3 [GND] of D511 on F.Cu
[unconnected_items]: Missing connection between items
    Local override; error
    @(227.9625 mm, 1550.0000 mm): Pad 2 [GND] of R715 on F.Cu
    @(225.8250 mm, 1500.0000 mm): Pad 2 [GND] of R703 on F.Cu
[unconnected_items]: Missing connection between items
    Local override; error
    @(274.0625 mm, 650.9500 mm): Pad 2 [GND] of Q501 on F.Cu
    @(324.0625 mm, 650.9500 mm): Pad 2 [GND] of Q511 on F.Cu
[unconnected_items]: Missing connection between items
    Local override; error
    @(274.0625 mm, 650.9500 mm): Pad 2 [GND] of Q501 on F.Cu
    @(225.8250 mm, 700.0000 mm): Pad 2 [GND] of R502 on F.Cu
[unconnected_items]: Missing connection between items
    Local override; error
    @(275.7750 mm, 1150.0000 mm): Pad 2 [GND] of C712 on F.Cu
    @(225.9500 mm, 1150.0000 mm): Pad 2 [GND] of C711 on F.Cu
[unconnected_items]: Missing connection between items
    Local override; error
    @(275.7750 mm, 1150.0000 mm): Pad 2 [GND] of C712 on F.Cu
    @(325.7750 mm, 1150.0000 mm): Pad 2 [GND] of C713 on F.Cu
[unconnected_items]: Missing connection between items
    Local override; error
    @(275.7750 mm, 1150.0000 mm): Pad 2 [GND] of C712 on F.Cu
    @(275.8250 mm, 750.0000 mm): Pad 2 [GND] of R522 on F.Cu
[unconnected_items]: Missing connection between items
    Local override; error
    @(275.7750 mm, 1300.0000 mm): Pad 2 [GND] of C733 on F.Cu
    @(225.7750 mm, 1300.0000 mm): Pad 2 [GND] of C732 on F.Cu
[unconnected_items]: Missing connection between items
    Local override; error
    @(275.8250 mm, 750.0000 mm): Pad 2 [GND] of R522 on F.Cu
    @(225.8250 mm, 700.0000 mm): Pad 2 [GND] of R502 on F.Cu
[unconnected_items]: Missing connection between items
    Local override; error
    @(275.8250 mm, 1650.0000 mm): Pad 2 [GND] of R728 on F.Cu
    @(277.9625 mm, 1700.0000 mm): Pad 2 [GND] of R735 on F.Cu
[unconnected_items]: Missing connection between items
    Local override; error
    @(275.8875 mm, 600.0000 mm): Pad 3 [GND] of D511 on F.Cu
    @(274.0625 mm, 650.9500 mm): Pad 2 [GND] of Q501 on F.Cu
[unconnected_items]: Missing connection between items
    Local override; error
    @(276.4750 mm, 1200.0000 mm): Pad 2 [GND] of C717 on F.Cu
    @(325.9500 mm, 1200.0000 mm): Pad 2 [GND] of C721 on F.Cu
[unconnected_items]: Missing connection between items
    Local override; error
    @(276.4750 mm, 1200.0000 mm): Pad 2 [GND] of C717 on F.Cu
    @(226.4750 mm, 1200.0000 mm): Pad 2 [GND] of C716 on F.Cu
[unconnected_items]: Missing connection between items
    Local override; error
    @(276.4750 mm, 1250.0000 mm): Pad 2 [GND] of C725 on F.Cu
    @(326.4750 mm, 1250.0000 mm): Pad 2 [GND] of C726 on F.Cu
[unconnected_items]: Missing connection between items
    Local override; error
    @(276.4750 mm, 1250.0000 mm): Pad 2 [GND] of C725 on F.Cu
    @(276.4750 mm, 1200.0000 mm): Pad 2 [GND] of C717 on F.Cu
[unconnected_items]: Missing connection between items
    Local override; error
    @(277.9625 mm, 1550.0000 mm): Pad 2 [GND] of R716 on F.Cu
    @(227.9625 mm, 1550.0000 mm): Pad 2 [GND] of R715 on F.Cu
[unconnected_items]: Missing connection between items
    Local override; error
    @(277.9625 mm, 1550.0000 mm): Pad 2 [GND] of R716 on F.Cu
    @(275.8250 mm, 1650.0000 mm): Pad 2 [GND] of R728 on F.Cu
[unconnected_items]: Missing connection between items
    Local override; error
    @(322.5250 mm, 1750.6350 mm): Pad 3 [GND] of U720 on F.Cu
    @(372.5250 mm, 1750.6350 mm): Pad 3 [GND] of U730 on F.Cu
[unconnected_items]: Missing connection between items
    Local override; error
    @(322.5250 mm, 1750.6350 mm): Pad 3 [GND] of U720 on F.Cu
    @(272.5250 mm, 1750.6350 mm): Pad 3 [GND] of U710 on F.Cu
[unconnected_items]: Missing connection between items
    Local override; error
    @(324.0625 mm, 650.9500 mm): Pad 2 [GND] of Q511 on F.Cu
    @(374.0625 mm, 650.9500 mm): Pad 2 [GND] of Q521 on F.Cu
[unconnected_items]: Missing connection between items
    Local override; error
    @(325.7750 mm, 1150.0000 mm): Pad 2 [GND] of C713 on F.Cu
    @(375.7750 mm, 1150.0000 mm): Pad 2 [GND] of C714 on F.Cu
[unconnected_items]: Missing connection between items
    Local override; error
    @(325.7750 mm, 1300.0000 mm): Pad 2 [GND] of C734 on F.Cu
    @(275.7750 mm, 1300.0000 mm): Pad 2 [GND] of C733 on F.Cu
[unconnected_items]: Missing connection between items
    Local override; error
    @(325.8250 mm, 100.0000 mm): Pad 2 [GND] of R102 on F.Cu
    @(273.8625 mm, 149.0500 mm): Pad 1 [GND] of U101 on F.Cu
[unconnected_items]: Missing connection between items
    Local override; error
    @(325.9500 mm, 50.0000 mm): Pad 2 [GND] of C104 on F.Cu
    @(325.8250 mm, 100.0000 mm): Pad 2 [GND] of R102 on F.Cu
[unconnected_items]: Missing connection between items
    Local override; error
    @(326.4625 mm, 1700.0000 mm): Pad 2 [GND] of R736 on F.Cu
    @(277.9625 mm, 1700.0000 mm): Pad 2 [GND] of R735 on F.Cu
[unconnected_items]: Missing connection between items
    Local override; error
    @(326.4625 mm, 1700.0000 mm): Pad 2 [GND] of R736 on F.Cu
    @(322.5250 mm, 1750.6350 mm): Pad 3 [GND] of U720 on F.Cu
[unconnected_items]: Missing connection between items
    Local override; error
    @(326.4750 mm, 1250.0000 mm): Pad 2 [GND] of C726 on F.Cu
    @(376.4750 mm, 1250.0000 mm): Pad 2 [GND] of C727 on F.Cu
[unconnected_items]: Missing connection between items
    Local override; error
    @(374.0625 mm, 650.9500 mm): Pad 2 [GND] of Q521 on F.Cu
    @(375.0000 mm, 600.0000 mm): PTH pad 1 [GND] of J501
[unconnected_items]: Missing connection between items
    Local override; error
    @(375.0000 mm, 600.0000 mm): PTH pad 1 [GND] of J501
    @(375.0000 mm, 595.0000 mm): PTH pad 1 [GND] of J501
[unconnected_items]: Missing connection between items
    Local override; error
    @(375.0000 mm, 600.0000 mm): PTH pad 1 [GND] of J501
    @(445.7750 mm, 600.0000 mm): Pad 2 [GND] of C601 on F.Cu
[unconnected_items]: Missing connection between items
    Local override; error
    @(375.7750 mm, 1150.0000 mm): Pad 2 [GND] of C714 on F.Cu
    @(375.7750 mm, 1200.0000 mm): Pad 2 [GND] of C722 on F.Cu
[unconnected_items]: Missing connection between items
    Local override; error
    @(375.7750 mm, 1200.0000 mm): Pad 2 [GND] of C722 on F.Cu
    @(325.9500 mm, 1200.0000 mm): Pad 2 [GND] of C721 on F.Cu
[unconnected_items]: Missing connection between items
    Local override; error
    @(375.8250 mm, 700.0000 mm): Pad 2 [GND] of R512 on F.Cu
    @(374.0625 mm, 650.9500 mm): Pad 2 [GND] of Q521 on F.Cu
[unconnected_items]: Missing connection between items
    Local override; error
    @(375.8250 mm, 1450.0000 mm): Pad 2 [GND] of R701 on F.Cu
    @(375.8250 mm, 1550.0000 mm): Pad 2 [GND] of R718 on F.Cu
[unconnected_items]: Missing connection between items
    Local override; error
    @(375.8250 mm, 1550.0000 mm): Pad 2 [GND] of R718 on F.Cu
    @(277.9625 mm, 1550.0000 mm): Pad 2 [GND] of R716 on F.Cu
[unconnected_items]: Missing connection between items
    Local override; error
    @(375.9500 mm, 50.0000 mm): Pad 2 [GND] of C105 on F.Cu
    @(325.9500 mm, 50.0000 mm): Pad 2 [GND] of C104 on F.Cu
[unconnected_items]: Missing connection between items
    Local override; error
    @(376.4750 mm, 1250.0000 mm): Pad 2 [GND] of C727 on F.Cu
    @(376.4750 mm, 1300.0000 mm): Pad 2 [GND] of C735 on F.Cu
[unconnected_items]: Missing connection between items
    Local override; error
    @(376.4750 mm, 1300.0000 mm): Pad 2 [GND] of C735 on F.Cu
    @(375.8250 mm, 1450.0000 mm): Pad 2 [GND] of R701 on F.Cu
[unconnected_items]: Missing connection between items
    Local override; error
    @(377.9625 mm, 1600.0000 mm): Pad 2 [GND] of R725 on F.Cu
    @(375.8250 mm, 1550.0000 mm): Pad 2 [GND] of R718 on F.Cu
[unconnected_items]: Missing connection between items
    Local override; error
    @(445.8250 mm, 200.0000 mm): Pad 2 [GND] of R212 on F.Cu
    @(491.8500 mm, 201.9000 mm): Pad 2 [GND] of SW201 on F.Cu
[unconnected_items]: Missing connection between items
    Local override; error
    @(445.9500 mm, 50.0000 mm): Pad 2 [GND] of C201 on F.Cu
    @(375.9500 mm, 50.0000 mm): Pad 2 [GND] of C105 on F.Cu
[unconnected_items]: Missing connection between items
    Local override; error
    @(495.7750 mm, 50.0000 mm): Pad 2 [GND] of C202 on F.Cu
    @(445.9500 mm, 50.0000 mm): Pad 2 [GND] of C201 on F.Cu
[unconnected_items]: Missing connection between items
    Local override; error
    @(495.7750 mm, 50.0000 mm): Pad 2 [GND] of C202 on F.Cu
    @(495.8250 mm, 100.0000 mm): Pad 2 [GND] of R203 on F.Cu
[unconnected_items]: Missing connection between items
    Local override; error
    @(495.8250 mm, 650.0000 mm): Pad 2 [GND] of R602 on F.Cu
    @(542.5250 mm, 650.6350 mm): Pad 3 [GND] of U601 on F.Cu
[unconnected_items]: Missing connection between items
    Local override; error
    @(495.9500 mm, 600.0000 mm): Pad 2 [GND] of C602 on F.Cu
    @(495.8250 mm, 650.0000 mm): Pad 2 [GND] of R602 on F.Cu
[unconnected_items]: Missing connection between items
    Local override; error
    @(495.9500 mm, 600.0000 mm): Pad 2 [GND] of C602 on F.Cu
    @(445.7750 mm, 600.0000 mm): Pad 2 [GND] of C601 on F.Cu
[unconnected_items]: Missing connection between items
    Local override; error
    @(498.1500 mm, 201.9000 mm): Pad 2 [GND] of SW201 on F.Cu
    @(491.8500 mm, 201.9000 mm): Pad 2 [GND] of SW201 on F.Cu
[unconnected_items]: Missing connection between items
    Local override; error
    @(498.1500 mm, 201.9000 mm): Pad 2 [GND] of SW201 on F.Cu
    @(541.8500 mm, 201.9000 mm): Pad 2 [GND] of SW202 on F.Cu
[unconnected_items]: Missing connection between items
    Local override; error
    @(542.5250 mm, 650.6350 mm): Pad 3 [GND] of U601 on F.Cu
    @(542.5250 mm, 651.9050 mm): Pad 4 [GND] of U601 on F.Cu
[unconnected_items]: Missing connection between items
    Local override; error
    @(545.7750 mm, 50.0000 mm): Pad 2 [GND] of C203 on F.Cu
    @(495.7750 mm, 50.0000 mm): Pad 2 [GND] of C202 on F.Cu
[unconnected_items]: Missing connection between items
    Local override; error
    @(545.8250 mm, 150.0000 mm): Pad 2 [GND] of R209 on F.Cu
    @(495.8250 mm, 100.0000 mm): Pad 2 [GND] of R203 on F.Cu
[unconnected_items]: Missing connection between items
    Local override; error
    @(547.1500 mm, 600.0000 mm): Pad 2 [GND] of D601 on F.Cu
    @(547.4750 mm, 648.0950 mm): Pad 8 [GND] of U601 on F.Cu
[unconnected_items]: Missing connection between items
    Local override; error
    @(547.1500 mm, 600.0000 mm): Pad 2 [GND] of D601 on F.Cu
    @(642.2527 mm, 599.3650 mm): Pad 2 [GND] of Q601 on F.Cu
[unconnected_items]: Missing connection between items
    Local override; error
    @(547.4750 mm, 648.0950 mm): Pad 8 [GND] of U601 on F.Cu
    @(542.5250 mm, 650.6350 mm): Pad 3 [GND] of U601 on F.Cu
[unconnected_items]: Missing connection between items
    Local override; error
    @(548.1500 mm, 201.9000 mm): Pad 2 [GND] of SW202 on F.Cu
    @(541.8500 mm, 201.9000 mm): Pad 2 [GND] of SW202 on F.Cu
[unconnected_items]: Missing connection between items
    Local override; error
    @(586.2500 mm, 194.7400 mm): Pad 1 [GND] of U201 on F.Cu
    @(592.1000 mm, 201.0600 mm): Pad 39 [GND] of U201 on F.Cu
[unconnected_items]: Missing connection between items
    Local override; error
    @(586.2500 mm, 194.7400 mm): Pad 1 [GND] of U201 on F.Cu
    @(548.1500 mm, 201.9000 mm): Pad 2 [GND] of SW202 on F.Cu
[unconnected_items]: Missing connection between items
    Local override; error
    @(592.1000 mm, 203.8600 mm): Pad 39 [GND] of U201 on F.Cu
    @(589.2850 mm, 212.5000 mm): Pad 15 [GND] of U201 on F.Cu
[unconnected_items]: Missing connection between items
    Local override; error
    @(594.9000 mm, 201.0600 mm): Pad 39 [GND] of U201 on F.Cu
    @(603.7500 mm, 194.7400 mm): Pad 38 [GND] of U201 on F.Cu
[unconnected_items]: Missing connection between items
    Local override; error
    @(595.0000 mm, 50.0000 mm): PTH pad 1 [GND] of J201
    @(545.7750 mm, 50.0000 mm): Pad 2 [GND] of C203 on F.Cu
[unconnected_items]: Missing connection between items
    Local override; error
    @(595.8250 mm, 150.0000 mm): Pad 2 [GND] of R210 on F.Cu
    @(603.7500 mm, 194.7400 mm): Pad 38 [GND] of U201 on F.Cu
[unconnected_items]: Missing connection between items
    Local override; error
    @(595.8250 mm, 150.0000 mm): Pad 2 [GND] of R210 on F.Cu
    @(545.8250 mm, 150.0000 mm): Pad 2 [GND] of R209 on F.Cu
[unconnected_items]: Missing connection between items
    Local override; error
    @(642.2527 mm, 599.3650 mm): Pad 2 [GND] of Q601 on F.Cu
    @(642.2527 mm, 598.0950 mm): Pad 1 [GND] of Q601 on F.Cu
[unconnected_items]: Missing connection between items
    Local override; error
    @(642.2527 mm, 600.6350 mm): Pad 3 [GND] of Q601 on F.Cu
    @(642.2527 mm, 599.3650 mm): Pad 2 [GND] of Q601 on F.Cu
[unconnected_items]: Missing connection between items
    Local override; error
    @(642.2527 mm, 600.6350 mm): Pad 3 [GND] of Q601 on F.Cu
    @(719.2000 mm, 600.0000 mm): Pad 2 [GND] of C901 on F.Cu
[unconnected_items]: Missing connection between items
    Local override; error
    @(645.8250 mm, 150.0000 mm): Pad 2 [GND] of R211 on F.Cu
    @(595.8250 mm, 150.0000 mm): Pad 2 [GND] of R210 on F.Cu
[unconnected_items]: Missing connection between items
    Local override; error
    @(715.0000 mm, 50.0000 mm): Pad 2 [GND] of BT301 on F.Cu
    @(715.7750 mm, 100.0000 mm): Pad 2 [GND] of C402 on F.Cu
[unconnected_items]: Missing connection between items
    Local override; error
    @(715.7750 mm, 100.0000 mm): Pad 2 [GND] of C402 on F.Cu
    @(715.8875 mm, 150.0000 mm): Pad 3 [GND] of D403 on F.Cu
[unconnected_items]: Missing connection between items
    Local override; error
    @(715.7750 mm, 100.0000 mm): Pad 2 [GND] of C402 on F.Cu
    @(765.8875 mm, 100.0000 mm): Pad 3 [GND] of D301 on F.Cu
[unconnected_items]: Missing connection between items
    Local override; error
    @(715.8875 mm, 150.0000 mm): Pad 3 [GND] of D403 on F.Cu
    @(645.8250 mm, 150.0000 mm): Pad 2 [GND] of R211 on F.Cu
[unconnected_items]: Missing connection between items
    Local override; error
    @(719.2000 mm, 600.0000 mm): Pad 2 [GND] of C901 on F.Cu
    @(715.8250 mm, 700.0000 mm): Pad 2 [GND] of R902 on F.Cu
[unconnected_items]: Missing connection between items
    Local override; error
    @(760.3500 mm, 351.9050 mm): Pad 6 [GND] of U301 on F.Cu
    @(760.3500 mm, 350.6350 mm): Pad 5 [GND] of U301 on F.Cu
[unconnected_items]: Missing connection between items
    Local override; error
    @(760.3500 mm, 353.1750 mm): Pad 7 [GND] of U301 on F.Cu
    @(760.3500 mm, 351.9050 mm): Pad 6 [GND] of U301 on F.Cu
[unconnected_items]: Missing connection between items
    Local override; error
    @(760.3500 mm, 354.4450 mm): Pad 8 [GND] of U301 on F.Cu
    @(760.3500 mm, 353.1750 mm): Pad 7 [GND] of U301 on F.Cu
[unconnected_items]: Missing connection between items
    Local override; error
    @(760.3500 mm, 354.4450 mm): Pad 8 [GND] of U301 on F.Cu
    @(769.6500 mm, 354.4450 mm): Pad 9 [GND] of U301 on F.Cu
[unconnected_items]: Missing connection between items
    Local override; error
    @(765.8875 mm, 100.0000 mm): Pad 3 [GND] of D301 on F.Cu
    @(815.8875 mm, 100.0000 mm): Pad 3 [GND] of D302 on F.Cu
[unconnected_items]: Missing connection between items
    Local override; error
    @(766.4750 mm, 600.0000 mm): Pad 2 [GND] of C902 on F.Cu
    @(719.2000 mm, 600.0000 mm): Pad 2 [GND] of C901 on F.Cu
[unconnected_items]: Missing connection between items
    Local override; error
    @(766.4750 mm, 600.0000 mm): Pad 2 [GND] of C902 on F.Cu
    @(769.6500 mm, 354.4450 mm): Pad 9 [GND] of U301 on F.Cu
[unconnected_items]: Missing connection between items
    Local override; error
    @(769.6500 mm, 350.6350 mm): Pad 12 [GND] of U301 on F.Cu
    @(769.6500 mm, 349.3650 mm): Pad 13 [GND] of U301 on F.Cu
[unconnected_items]: Missing connection between items
    Local override; error
    @(769.6500 mm, 351.9050 mm): Pad 11 [GND] of U301 on F.Cu
    @(769.6500 mm, 350.6350 mm): Pad 12 [GND] of U301 on F.Cu
[unconnected_items]: Missing connection between items
    Local override; error
    @(769.6500 mm, 353.1750 mm): Pad 10 [GND] of U301 on F.Cu
    @(769.6500 mm, 354.4450 mm): Pad 9 [GND] of U301 on F.Cu
[unconnected_items]: Missing connection between items
    Local override; error
    @(769.6500 mm, 353.1750 mm): Pad 10 [GND] of U301 on F.Cu
    @(769.6500 mm, 351.9050 mm): Pad 11 [GND] of U301 on F.Cu
[unconnected_items]: Missing connection between items
    Local override; error
    @(815.7750 mm, 50.0000 mm): Pad 2 [GND] of C302 on F.Cu
    @(765.7750 mm, 50.0000 mm): Pad 2 [GND] of C301 on F.Cu
[unconnected_items]: Missing connection between items
    Local override; error
    @(815.8875 mm, 100.0000 mm): Pad 3 [GND] of D302 on F.Cu
    @(815.7750 mm, 50.0000 mm): Pad 2 [GND] of C302 on F.Cu
[unconnected_items]: Missing connection between items
    Local override; error
    @(817.1500 mm, 600.0000 mm): Pad 2 [GND] of D901 on F.Cu
    @(766.4750 mm, 600.0000 mm): Pad 2 [GND] of C902 on F.Cu
[unconnected_items]: Missing connection between items
    Local override; error
    @(817.5000 mm, 150.0000 mm): PTH pad 2 [GND] of J301
    @(815.8875 mm, 100.0000 mm): Pad 3 [GND] of D302 on F.Cu
[unconnected_items]: Missing connection between items
    Local override; error
    @(817.5000 mm, 150.0000 mm): PTH pad 2 [GND] of J301
    @(769.6500 mm, 349.3650 mm): Pad 13 [GND] of U301 on F.Cu
[unconnected_items]: Missing connection between items
    Local override; error
    @(820.0800 mm, 650.0000 mm): PTH pad 2 [GND] of J901
    @(817.1500 mm, 600.0000 mm): Pad 2 [GND] of D901 on F.Cu
[unconnected_items]: Missing connection between items
    Local override; error
    @(865.7750 mm, 50.0000 mm): Pad 2 [GND] of C303 on F.Cu
    @(815.7750 mm, 50.0000 mm): Pad 2 [GND] of C302 on F.Cu
[unconnected_items]: Missing connection between items
    Local override; error
    @(865.8875 mm, 100.0000 mm): Pad 3 [GND] of D401 on F.Cu
    @(815.8875 mm, 100.0000 mm): Pad 3 [GND] of D302 on F.Cu
[unconnected_items]: Missing connection between items
    Local override; error
    @(868.5000 mm, 145.0000 mm): PTH pad 2 [GND] of J302
    @(909.4350 mm, 144.6750 mm): Pad SH [GND] of J401 on F.Cu
[unconnected_items]: Missing connection between items
    Local override; error
    @(868.5000 mm, 145.0000 mm): PTH pad 2 [GND] of J302
    @(865.8875 mm, 100.0000 mm): Pad 3 [GND] of D401 on F.Cu
[unconnected_items]: Missing connection between items
    Local override; error
    @(868.5000 mm, 150.0000 mm): PTH pad 2 [GND] of J302
    @(868.5000 mm, 145.0000 mm): PTH pad 2 [GND] of J302
[unconnected_items]: Missing connection between items
    Local override; error
    @(909.4350 mm, 144.6750 mm): Pad SH [GND] of J401 on F.Cu
    @(917.3950 mm, 144.5500 mm): Pad 6 [GND] of J401 on F.Cu
[unconnected_items]: Missing connection between items
    Local override; error
    @(912.7600 mm, 155.3750 mm): Pad SH [GND] of J401 on F.Cu
    @(918.7300 mm, 155.3750 mm): Pad SH [GND] of J401 on F.Cu
[unconnected_items]: Missing connection between items
    Local override; error
    @(915.8875 mm, 100.0000 mm): Pad 3 [GND] of D402 on F.Cu
    @(917.3950 mm, 144.5500 mm): Pad 6 [GND] of J401 on F.Cu
[unconnected_items]: Missing connection between items
    Local override; error
    @(915.8875 mm, 100.0000 mm): Pad 3 [GND] of D402 on F.Cu
    @(915.9500 mm, 50.0000 mm): Pad 2 [GND] of C401 on F.Cu
[unconnected_items]: Missing connection between items
    Local override; error
    @(917.3950 mm, 144.5500 mm): Pad 6 [GND] of J401 on F.Cu
    @(920.7550 mm, 144.9000 mm): Pad SH [GND] of J401 on F.Cu
[unconnected_items]: Missing connection between items
    Local override; error
    @(918.7300 mm, 155.3750 mm): Pad SH [GND] of J401 on F.Cu
    @(920.7550 mm, 144.9000 mm): Pad SH [GND] of J401 on F.Cu
[unconnected_items]: Missing connection between items
    Local override; error
    @(586.2500 mm, 209.9800 mm): Pad 13 [HEATER_EN] of U201 on F.Cu
    @(542.5250 mm, 649.3650 mm): Pad 2 [HEATER_EN] of U601 on F.Cu
[unconnected_items]: Missing connection between items
    Local override; error
    @(594.1750 mm, 150.0000 mm): Pad 1 [HEATER_EN] of R210 on F.Cu
    @(586.2500 mm, 209.9800 mm): Pad 13 [HEATER_EN] of U201 on F.Cu
[unconnected_items]: Missing connection between items
    Local override; error
    @(174.2250 mm, 100.0000 mm): Pad 1 [+3V3] of C106 on F.Cu
    @(175.0000 mm, 150.0000 mm): Pad 1 [+3V3] of TP102 on F.Cu
[unconnected_items]: Missing connection between items
    Local override; error
    @(174.2250 mm, 100.0000 mm): Pad 1 [+3V3] of C106 on F.Cu
    @(227.4100 mm, 100.0000 mm): Pad 2 [+3V3] of L101 on F.Cu
[unconnected_items]: Missing connection between items
    Local override; error
    @(174.2250 mm, 1150.0000 mm): Pad 1 [+3V3] of C700 on F.Cu
    @(226.1375 mm, 1749.0500 mm): Pad 5 [+3V3] of U700 on F.Cu
[unconnected_items]: Missing connection between items
    Local override; error
    @(174.2250 mm, 1150.0000 mm): Pad 1 [+3V3] of C700 on F.Cu
    @(542.5250 mm, 648.0950 mm): Pad 1 [+3V3] of U601 on F.Cu
[unconnected_items]: Missing connection between items
    Local override; error
    @(227.4100 mm, 100.0000 mm): Pad 2 [+3V3] of L101 on F.Cu
    @(274.1750 mm, 100.0000 mm): Pad 1 [+3V3] of R101 on F.Cu
[unconnected_items]: Missing connection between items
    Local override; error
    @(324.0500 mm, 50.0000 mm): Pad 1 [+3V3] of C104 on F.Cu
    @(274.1750 mm, 100.0000 mm): Pad 1 [+3V3] of R101 on F.Cu
[unconnected_items]: Missing connection between items
    Local override; error
    @(374.0500 mm, 50.0000 mm): Pad 1 [+3V3] of C105 on F.Cu
    @(324.0500 mm, 50.0000 mm): Pad 1 [+3V3] of C104 on F.Cu
[unconnected_items]: Missing connection between items
    Local override; error
    @(444.0500 mm, 50.0000 mm): Pad 1 [+3V3] of C201 on F.Cu
    @(444.1750 mm, 100.0000 mm): Pad 1 [+3V3] of R202 on F.Cu
[unconnected_items]: Missing connection between items
    Local override; error
    @(444.0500 mm, 50.0000 mm): Pad 1 [+3V3] of C201 on F.Cu
    @(374.0500 mm, 50.0000 mm): Pad 1 [+3V3] of C105 on F.Cu
[unconnected_items]: Missing connection between items
    Local override; error
    @(444.1750 mm, 150.0000 mm): Pad 1 [+3V3] of R207 on F.Cu
    @(444.1750 mm, 100.0000 mm): Pad 1 [+3V3] of R202 on F.Cu
[unconnected_items]: Missing connection between items
    Local override; error
    @(444.1750 mm, 150.0000 mm): Pad 1 [+3V3] of R207 on F.Cu
    @(494.1750 mm, 150.0000 mm): Pad 1 [+3V3] of R208 on F.Cu
[unconnected_items]: Missing connection between items
    Local override; error
    @(494.2250 mm, 50.0000 mm): Pad 1 [+3V3] of C202 on F.Cu
    @(444.0500 mm, 50.0000 mm): Pad 1 [+3V3] of C201 on F.Cu
[unconnected_items]: Missing connection between items
    Local override; error
    @(494.2250 mm, 50.0000 mm): Pad 1 [+3V3] of C202 on F.Cu
    @(544.1750 mm, 100.0000 mm): Pad 1 [+3V3] of R204 on F.Cu
[unconnected_items]: Missing connection between items
    Local override; error
    @(544.1750 mm, 100.0000 mm): Pad 1 [+3V3] of R204 on F.Cu
    @(644.1750 mm, 50.0000 mm): Pad 1 [+3V3] of R201 on F.Cu
[unconnected_items]: Missing connection between items
    Local override; error
    @(586.2500 mm, 196.0100 mm): Pad 2 [+3V3] of U201 on F.Cu
    @(494.1750 mm, 150.0000 mm): Pad 1 [+3V3] of R208 on F.Cu
[unconnected_items]: Missing connection between items
    Local override; error
    @(714.1750 mm, 200.0000 mm): Pad 1 [+3V3] of R301 on F.Cu
    @(714.1750 mm, 250.0000 mm): Pad 1 [+3V3] of R306 on F.Cu
[unconnected_items]: Missing connection between items
    Local override; error
    @(760.3500 mm, 346.8250 mm): Pad 2 [+3V3] of U301 on F.Cu
    @(714.1750 mm, 250.0000 mm): Pad 1 [+3V3] of R306 on F.Cu
[unconnected_items]: Missing connection between items
    Local override; error
    @(760.3500 mm, 346.8250 mm): Pad 2 [+3V3] of U301 on F.Cu
    @(914.0875 mm, 300.0000 mm): Pad 1 [+3V3] of R409 on F.Cu
[unconnected_items]: Missing connection between items
    Local override; error
    @(760.3500 mm, 346.8250 mm): Pad 2 [+3V3] of U301 on F.Cu
    @(542.5250 mm, 648.0950 mm): Pad 1 [+3V3] of U601 on F.Cu
[unconnected_items]: Missing connection between items
    Local override; error
    @(764.1750 mm, 200.0000 mm): Pad 1 [+3V3] of R302 on F.Cu
    @(714.1750 mm, 200.0000 mm): Pad 1 [+3V3] of R301 on F.Cu
[unconnected_items]: Missing connection between items
    Local override; error
    @(764.1750 mm, 200.0000 mm): Pad 1 [+3V3] of R302 on F.Cu
    @(763.6000 mm, 150.0000 mm): Pad 1 [+3V3] of F301 on F.Cu
[unconnected_items]: Missing connection between items
    Local override; error
    @(764.2250 mm, 50.0000 mm): Pad 1 [+3V3] of C301 on F.Cu
    @(763.6000 mm, 150.0000 mm): Pad 1 [+3V3] of F301 on F.Cu
[unconnected_items]: Missing connection between items
    Local override; error
    @(764.2250 mm, 50.0000 mm): Pad 1 [+3V3] of C301 on F.Cu
    @(644.1750 mm, 50.0000 mm): Pad 1 [+3V3] of R201 on F.Cu
[unconnected_items]: Missing connection between items
    Local override; error
    @(169.4500 mm, 1450.0000 mm): Pad 1 [+12V_LED] of L731 on F.Cu
    @(272.5250 mm, 1748.0950 mm): Pad 1 [+12V_LED] of U710 on F.Cu
[unconnected_items]: Missing connection between items
    Local override; error
    @(174.0500 mm, 1300.0000 mm): Pad 1 [+12V_LED] of C731 on F.Cu
    @(173.5250 mm, 1200.0000 mm): Pad 1 [+12V_LED] of C715 on F.Cu
[unconnected_items]: Missing connection between items
    Local override; error
    @(174.0500 mm, 1300.0000 mm): Pad 1 [+12V_LED] of C731 on F.Cu
    @(273.5250 mm, 1250.0000 mm): Pad 1 [+12V_LED] of C725 on F.Cu
[unconnected_items]: Missing connection between items
    Local override; error
    @(174.0500 mm, 1300.0000 mm): Pad 1 [+12V_LED] of C731 on F.Cu
    @(169.4500 mm, 1450.0000 mm): Pad 1 [+12V_LED] of L731 on F.Cu
[unconnected_items]: Missing connection between items
    Local override; error
    @(224.0500 mm, 1150.0000 mm): Pad 1 [+12V_LED] of C711 on F.Cu
    @(173.5250 mm, 1200.0000 mm): Pad 1 [+12V_LED] of C715 on F.Cu
[unconnected_items]: Missing connection between items
    Local override; error
    @(272.5250 mm, 1748.0950 mm): Pad 1 [+12V_LED] of U710 on F.Cu
    @(322.5250 mm, 1748.0950 mm): Pad 1 [+12V_LED] of U720 on F.Cu
[unconnected_items]: Missing connection between items
    Local override; error
    @(273.5250 mm, 1250.0000 mm): Pad 1 [+12V_LED] of C725 on F.Cu
    @(324.0500 mm, 1200.0000 mm): Pad 1 [+12V_LED] of C721 on F.Cu
[unconnected_items]: Missing connection between items
    Local override; error
    @(319.4500 mm, 1400.0000 mm): Pad 1 [+12V_LED] of L711 on F.Cu
    @(369.4500 mm, 1400.0000 mm): Pad 1 [+12V_LED] of L721 on F.Cu
[unconnected_items]: Missing connection between items
    Local override; error
    @(322.5250 mm, 1748.0950 mm): Pad 1 [+12V_LED] of U720 on F.Cu
    @(372.5250 mm, 1748.0950 mm): Pad 1 [+12V_LED] of U730 on F.Cu
[unconnected_items]: Missing connection between items
    Local override; error
    @(324.0500 mm, 1200.0000 mm): Pad 1 [+12V_LED] of C721 on F.Cu
    @(768.3875 mm, 650.0000 mm): Pad 2 [+12V_LED] of F903 on F.Cu
[unconnected_items]: Missing connection between items
    Local override; error
    @(369.4500 mm, 1400.0000 mm): Pad 1 [+12V_LED] of L721 on F.Cu
    @(373.5250 mm, 1300.0000 mm): Pad 1 [+12V_LED] of C735 on F.Cu
[unconnected_items]: Missing connection between items
    Local override; error
    @(373.5250 mm, 1300.0000 mm): Pad 1 [+12V_LED] of C735 on F.Cu
    @(324.0500 mm, 1200.0000 mm): Pad 1 [+12V_LED] of C721 on F.Cu
[unconnected_items]: Missing connection between items
    Local override; error
    @(865.0000 mm, 700.0000 mm): Pad 1 [+12V_LED] of TP903 on F.Cu
    @(768.3875 mm, 650.0000 mm): Pad 2 [+12V_LED] of F903 on F.Cu
[unconnected_items]: Missing connection between items
    Local override; error
    @(174.1750 mm, 700.0000 mm): Pad 1 [FAN1_PWM] of R501 on F.Cu
    @(586.2500 mm, 206.1700 mm): Pad 10 [FAN1_PWM] of U201 on F.Cu
[unconnected_items]: Missing connection between items
    Local override; error
    @(175.8250 mm, 700.0000 mm): Pad 2 [/Outputs/FAN1_GATE] of R501 on F.Cu
    @(224.1750 mm, 700.0000 mm): Pad 1 [/Outputs/FAN1_GATE] of R502 on F.Cu
[unconnected_items]: Missing connection between items
    Local override; error
    @(224.1750 mm, 700.0000 mm): Pad 1 [/Outputs/FAN1_GATE] of R502 on F.Cu
    @(274.0625 mm, 649.0500 mm): Pad 1 [/Outputs/FAN1_GATE] of Q501 on F.Cu
[unconnected_items]: Missing connection between items
    Local override; error
    @(173.5250 mm, 600.0000 mm): Pad 1 [+12V_LOADS] of C521 on F.Cu
    @(178.5000 mm, 645.0000 mm): PTH pad 2 [+12V_LOADS] of J511
[unconnected_items]: Missing connection between items
    Local override; error
    @(178.5000 mm, 650.0000 mm): PTH pad 2 [+12V_LOADS] of J511
    @(178.5000 mm, 645.0000 mm): PTH pad 2 [+12V_LOADS] of J511
[unconnected_items]: Missing connection between items
    Local override; error
    @(225.0000 mm, 645.0000 mm): PTH pad 1 [+12V_LOADS] of J521
    @(178.5000 mm, 645.0000 mm): PTH pad 2 [+12V_LOADS] of J511
[unconnected_items]: Missing connection between items
    Local override; error
    @(225.0000 mm, 645.0000 mm): PTH pad 1 [+12V_LOADS] of J521
    @(321.6000 mm, 600.0000 mm): Pad 1 [+12V_LOADS] of D521 on F.Cu
[unconnected_items]: Missing connection between items
    Local override; error
    @(225.0000 mm, 650.0000 mm): PTH pad 1 [+12V_LOADS] of J521
    @(225.0000 mm, 645.0000 mm): PTH pad 1 [+12V_LOADS] of J521
[unconnected_items]: Missing connection between items
    Local override; error
    @(321.6000 mm, 600.0000 mm): Pad 1 [+12V_LOADS] of D521 on F.Cu
    @(378.5000 mm, 600.0000 mm): PTH pad 2 [+12V_LOADS] of J501
[unconnected_items]: Missing connection between items
    Local override; error
    @(378.5000 mm, 595.0000 mm): PTH pad 2 [+12V_LOADS] of J501
    @(378.5000 mm, 600.0000 mm): PTH pad 2 [+12V_LOADS] of J501
[unconnected_items]: Missing connection between items
    Local override; error
    @(378.5000 mm, 600.0000 mm): PTH pad 2 [+12V_LOADS] of J501
    @(444.2250 mm, 600.0000 mm): Pad 1 [+12V_LOADS] of C601 on F.Cu
[unconnected_items]: Missing connection between items
    Local override; error
    @(494.0500 mm, 600.0000 mm): Pad 1 [+12V_LOADS] of C602 on F.Cu
    @(444.2250 mm, 600.0000 mm): Pad 1 [+12V_LOADS] of C601 on F.Cu
[unconnected_items]: Missing connection between items
    Local override; error
    @(494.0500 mm, 600.0000 mm): Pad 1 [+12V_LOADS] of C602 on F.Cu
    @(547.4750 mm, 650.6350 mm): Pad 6 [+12V_LOADS] of U601 on F.Cu
[unconnected_items]: Missing connection between items
    Local override; error
    @(547.4750 mm, 650.6350 mm): Pad 6 [+12V_LOADS] of U601 on F.Cu
    @(595.0000 mm, 600.0000 mm): PTH pad 1 [+12V_LOADS] of J601
[unconnected_items]: Missing connection between items
    Local override; error
    @(595.0000 mm, 595.0000 mm): PTH pad 1 [+12V_LOADS] of J601
    @(595.0000 mm, 600.0000 mm): PTH pad 1 [+12V_LOADS] of J601
[unconnected_items]: Missing connection between items
    Local override; error
    @(718.3875 mm, 650.0000 mm): Pad 2 [+12V_LOADS] of F902 on F.Cu
    @(595.0000 mm, 600.0000 mm): PTH pad 1 [+12V_LOADS] of J601
[unconnected_items]: Missing connection between items
    Local override; error
    @(815.0000 mm, 700.0000 mm): Pad 1 [+12V_LOADS] of TP902 on F.Cu
    @(718.3875 mm, 650.0000 mm): Pad 2 [+12V_LOADS] of F902 on F.Cu
[unconnected_items]: Missing connection between items
    Local override; error
    @(542.8500 mm, 600.0000 mm): Pad 1 [/Outputs/Heater/HEATER_DRAIN] of D601 on F.Cu
    @(598.5000 mm, 600.0000 mm): PTH pad 2 [/Outputs/Heater/HEATER_DRAIN] of J601
[unconnected_items]: Missing connection between items
    Local override; error
    @(598.5000 mm, 595.0000 mm): PTH pad 2 [/Outputs/Heater/HEATER_DRAIN] of J601
    @(598.5000 mm, 600.0000 mm): PTH pad 2 [/Outputs/Heater/HEATER_DRAIN] of J601
[unconnected_items]: Missing connection between items
    Local override; error
    @(598.5000 mm, 600.0000 mm): PTH pad 2 [/Outputs/Heater/HEATER_DRAIN] of J601
    @(645.7450 mm, 600.0000 mm): Pad 5 [/Outputs/Heater/HEATER_DRAIN] of Q601 on F.Cu
[unconnected_items]: Missing connection between items
    Local override; error
    @(272.5250 mm, 1749.3650 mm): Pad 2 [/LEDDrivers/LED1_DRV] of U710 on F.Cu
    @(274.1750 mm, 1500.0000 mm): Pad 1 [/LEDDrivers/LED1_DRV] of R711 on F.Cu
[unconnected_items]: Missing connection between items
    Local override; error
    @(222.3300 mm, 1451.9050 mm): Pad 4 [/LEDDrivers/LED1_GATE] of Q711 on F.Cu
    @(275.8250 mm, 1500.0000 mm): Pad 2 [/LEDDrivers/LED1_GATE] of R711 on F.Cu
[unconnected_items]: Missing connection between items
    Local override; error
    @(275.8250 mm, 1500.0000 mm): Pad 2 [/LEDDrivers/LED1_GATE] of R711 on F.Cu
    @(374.1750 mm, 1500.0000 mm): Pad 1 [/LEDDrivers/LED1_GATE] of R713 on F.Cu
[unconnected_items]: Missing connection between items
    Local override; error
    @(280.0800 mm, 1400.0000 mm): PTH pad 2 [/LEDDrivers/LED3_RETURN] of J731
    @(323.5375 mm, 1700.0000 mm): Pad 1 [/LEDDrivers/LED3_RETURN] of R736 on F.Cu
[unconnected_items]: Missing connection between items
    Local override; error
    @(323.5375 mm, 1700.0000 mm): Pad 1 [/LEDDrivers/LED3_RETURN] of R736 on F.Cu
    @(377.4750 mm, 1751.9050 mm): Pad 5 [/LEDDrivers/LED3_RETURN] of U730 on F.Cu
[unconnected_items]: Missing connection between items
    Local override; error
    @(714.1750 mm, 300.0000 mm): Pad 1 [/MCU / ESP32/Peripherals/+3V3_SD] of R405 on F.Cu
    @(714.1750 mm, 350.0000 mm): Pad 1 [/MCU / ESP32/Peripherals/+3V3_SD] of R410 on F.Cu
[unconnected_items]: Missing connection between items
    Local override; error
    @(714.2250 mm, 100.0000 mm): Pad 1 [/MCU / ESP32/Peripherals/+3V3_SD] of C402 on F.Cu
    @(714.1750 mm, 300.0000 mm): Pad 1 [/MCU / ESP32/Peripherals/+3V3_SD] of R405 on F.Cu
[unconnected_items]: Missing connection between items
    Local override; error
    @(764.1750 mm, 300.0000 mm): Pad 1 [/MCU / ESP32/Peripherals/+3V3_SD] of R406 on F.Cu
    @(714.1750 mm, 300.0000 mm): Pad 1 [/MCU / ESP32/Peripherals/+3V3_SD] of R405 on F.Cu
[unconnected_items]: Missing connection between items
    Local override; error
    @(814.1750 mm, 300.0000 mm): Pad 1 [/MCU / ESP32/Peripherals/+3V3_SD] of R407 on F.Cu
    @(764.1750 mm, 300.0000 mm): Pad 1 [/MCU / ESP32/Peripherals/+3V3_SD] of R406 on F.Cu
[unconnected_items]: Missing connection between items
    Local override; error
    @(864.1750 mm, 300.0000 mm): Pad 1 [/MCU / ESP32/Peripherals/+3V3_SD] of R408 on F.Cu
    @(814.1750 mm, 300.0000 mm): Pad 1 [/MCU / ESP32/Peripherals/+3V3_SD] of R407 on F.Cu
[unconnected_items]: Missing connection between items
    Local override; error
    @(864.1750 mm, 300.0000 mm): Pad 1 [/MCU / ESP32/Peripherals/+3V3_SD] of R408 on F.Cu
    @(915.9125 mm, 300.0000 mm): Pad 2 [/MCU / ESP32/Peripherals/+3V3_SD] of R409 on F.Cu
[unconnected_items]: Missing connection between items
    Local override; error
    @(915.1950 mm, 144.5500 mm): Pad 4 [/MCU / ESP32/Peripherals/+3V3_SD] of J401 on F.Cu
    @(914.0500 mm, 50.0000 mm): Pad 1 [/MCU / ESP32/Peripherals/+3V3_SD] of C401 on F.Cu
[unconnected_items]: Missing connection between items
    Local override; error
    @(915.9125 mm, 300.0000 mm): Pad 2 [/MCU / ESP32/Peripherals/+3V3_SD] of R409 on F.Cu
    @(915.1950 mm, 144.5500 mm): Pad 4 [/MCU / ESP32/Peripherals/+3V3_SD] of J401 on F.Cu
[unconnected_items]: Missing connection between items
    Local override; error
    @(714.1125 mm, 150.6500 mm): Pad 2 [/MCU / ESP32/Peripherals/SD_DAT2] of D403 on F.Cu
    @(815.8250 mm, 300.0000 mm): Pad 2 [/MCU / ESP32/Peripherals/SD_DAT2] of R407 on F.Cu
[unconnected_items]: Missing connection between items
    Local override; error
    @(815.8250 mm, 300.0000 mm): Pad 2 [/MCU / ESP32/Peripherals/SD_DAT2] of R407 on F.Cu
    @(911.8950 mm, 144.5500 mm): Pad 1 [/MCU / ESP32/Peripherals/SD_DAT2] of J401 on F.Cu
[unconnected_items]: Missing connection between items
    Local override; error
    @(224.1750 mm, 1700.0000 mm): Pad 1 [/LEDDrivers/LED3_COMP] of R734 on F.Cu
    @(377.4750 mm, 1750.6350 mm): Pad 6 [/LEDDrivers/LED3_COMP] of U730 on F.Cu
[unconnected_items]: Missing connection between items
    Local override; error
    @(224.2250 mm, 1300.0000 mm): Pad 1 [/LEDDrivers/LED3_COMP] of C732 on F.Cu
    @(224.1750 mm, 1700.0000 mm): Pad 1 [/LEDDrivers/LED3_COMP] of R734 on F.Cu
[unconnected_items]: Missing connection between items
    Local override; error
    @(274.2250 mm, 50.0000 mm): Pad 1 [Net-(U101-BOOT)] of C103 on F.Cu
    @(276.1375 mm, 149.0500 mm): Pad 6 [Net-(U101-BOOT)] of U101 on F.Cu
[unconnected_items]: Missing connection between items
    Local override; error
    @(222.5900 mm, 100.0000 mm): Pad 1 [/BUCK_SW] of L101 on F.Cu
    @(273.8625 mm, 150.0000 mm): Pad 2 [/BUCK_SW] of U101 on F.Cu
[unconnected_items]: Missing connection between items
    Local override; error
    @(275.7750 mm, 50.0000 mm): Pad 2 [/BUCK_SW] of C103 on F.Cu
    @(222.5900 mm, 100.0000 mm): Pad 1 [/BUCK_SW] of L101 on F.Cu
[unconnected_items]: Missing connection between items
    Local override; error
    @(328.4000 mm, 1350.0000 mm): Pad 2 [/LEDDrivers/LED2_SW] of D721 on F.Cu
    @(275.0000 mm, 1448.2500 mm): Pad 2 [/LEDDrivers/LED2_SW] of Q721 on F.Cu
[unconnected_items]: Missing connection between items
    Local override; error
    @(380.5500 mm, 1400.0000 mm): Pad 2 [/LEDDrivers/LED2_SW] of L721 on F.Cu
    @(328.4000 mm, 1350.0000 mm): Pad 2 [/LEDDrivers/LED2_SW] of D721 on F.Cu
[unconnected_items]: Missing connection between items
    Local override; error
    @(444.1750 mm, 650.0000 mm): Pad 1 [/Outputs/Heater/HEATER_DRIVE] of R601 on F.Cu
    @(547.4750 mm, 649.3650 mm): Pad 7 [/Outputs/Heater/HEATER_DRIVE] of U601 on F.Cu
[unconnected_items]: Missing connection between items
    Local override; error
    @(586.2500 mm, 204.9000 mm): Pad 9 [WATER_LEVEL] of U201 on F.Cu
    @(715.8250 mm, 250.0000 mm): Pad 2 [WATER_LEVEL] of R306 on F.Cu
[unconnected_items]: Missing connection between items
    Local override; error
    @(715.8250 mm, 250.0000 mm): Pad 2 [WATER_LEVEL] of R306 on F.Cu
    @(914.1750 mm, 200.0000 mm): Pad 1 [WATER_LEVEL] of R305 on F.Cu
[unconnected_items]: Missing connection between items
    Local override; error
    @(914.1750 mm, 200.0000 mm): Pad 1 [WATER_LEVEL] of R305 on F.Cu
    @(864.2250 mm, 50.0000 mm): Pad 1 [WATER_LEVEL] of C303 on F.Cu
[unconnected_items]: Missing connection between items
    Local override; error
    @(222.0375 mm, 1550.0000 mm): Pad 1 [/LEDDrivers/LED1_SOURCE] of R715 on F.Cu
    @(222.3300 mm, 1450.6350 mm): Pad 3 [/LEDDrivers/LED1_SOURCE] of Q711 on F.Cu
[unconnected_items]: Missing connection between items
    Local override; error
    @(222.3300 mm, 1449.3650 mm): Pad 2 [/LEDDrivers/LED1_SOURCE] of Q711 on F.Cu
    @(222.3300 mm, 1448.0950 mm): Pad 1 [/LEDDrivers/LED1_SOURCE] of Q711 on F.Cu
[unconnected_items]: Missing connection between items
    Local override; error
    @(222.3300 mm, 1450.6350 mm): Pad 3 [/LEDDrivers/LED1_SOURCE] of Q711 on F.Cu
    @(222.3300 mm, 1449.3650 mm): Pad 2 [/LEDDrivers/LED1_SOURCE] of Q711 on F.Cu
[unconnected_items]: Missing connection between items
    Local override; error
    @(222.3300 mm, 1450.6350 mm): Pad 3 [/LEDDrivers/LED1_SOURCE] of Q711 on F.Cu
    @(324.1750 mm, 1500.0000 mm): Pad 1 [/LEDDrivers/LED1_SOURCE] of R712 on F.Cu
[unconnected_items]: Missing connection between items
    Local override; error
    @(324.1750 mm, 1500.0000 mm): Pad 1 [/LEDDrivers/LED1_SOURCE] of R712 on F.Cu
    @(375.8250 mm, 1500.0000 mm): Pad 2 [/LEDDrivers/LED1_SOURCE] of R713 on F.Cu
[unconnected_items]: Missing connection between items
    Local override; error
    @(275.8250 mm, 100.0000 mm): Pad 2 [/BUCK_FB] of R101 on F.Cu
    @(276.1375 mm, 150.9500 mm): Pad 4 [/BUCK_FB] of U101 on F.Cu
[unconnected_items]: Missing connection between items
    Local override; error
    @(275.8250 mm, 100.0000 mm): Pad 2 [/BUCK_FB] of R101 on F.Cu
    @(175.7750 mm, 100.0000 mm): Pad 2 [/BUCK_FB] of C106 on F.Cu
[unconnected_items]: Missing connection between items
    Local override; error
    @(324.1750 mm, 100.0000 mm): Pad 1 [/BUCK_FB] of R102 on F.Cu
    @(275.8250 mm, 100.0000 mm): Pad 2 [/BUCK_FB] of R101 on F.Cu
[unconnected_items]: Missing connection between items
    Local override; error
    @(445.8250 mm, 150.0000 mm): Pad 2 [FAN1_TACH] of R207 on F.Cu
    @(274.1750 mm, 700.0000 mm): Pad 1 [FAN1_TACH] of R503 on F.Cu
[unconnected_items]: Missing connection between items
    Local override; error
    @(586.2500 mm, 201.0900 mm): Pad 6 [FAN1_TACH] of U201 on F.Cu
    @(445.8250 mm, 150.0000 mm): Pad 2 [FAN1_TACH] of R207 on F.Cu
[unconnected_items]: Missing connection between items
    Local override; error
    @(224.1125 mm, 600.6500 mm): Pad 2 [/Outputs/FAN1_TACH_EXT] of D501 on F.Cu
    @(275.8250 mm, 700.0000 mm): Pad 2 [/Outputs/FAN1_TACH_EXT] of R503 on F.Cu
[unconnected_items]: Missing connection between items
    Local override; error
    @(275.8250 mm, 700.0000 mm): Pad 2 [/Outputs/FAN1_TACH_EXT] of R503 on F.Cu
    @(382.0000 mm, 600.0000 mm): PTH pad 3 [/Outputs/FAN1_TACH_EXT] of J501
[unconnected_items]: Missing connection between items
    Local override; error
    @(382.0000 mm, 600.0000 mm): PTH pad 3 [/Outputs/FAN1_TACH_EXT] of J501
    @(382.0000 mm, 595.0000 mm): PTH pad 3 [/Outputs/FAN1_TACH_EXT] of J501
[unconnected_items]: Missing connection between items
    Local override; error
    @(766.4000 mm, 150.0000 mm): Pad 2 [/MCU / ESP32/Peripherals/SHT_3V3] of F301 on F.Cu
    @(815.0000 mm, 150.0000 mm): PTH pad 1 [/MCU / ESP32/Peripherals/SHT_3V3] of J301
[unconnected_items]: Missing connection between items
    Local override; error
    @(815.0000 mm, 150.0000 mm): PTH pad 1 [/MCU / ESP32/Peripherals/SHT_3V3] of J301
    @(814.2250 mm, 50.0000 mm): Pad 1 [/MCU / ESP32/Peripherals/SHT_3V3] of C302 on F.Cu
[unconnected_items]: Missing connection between items
    Local override; error
    @(174.1750 mm, 1550.0000 mm): Pad 1 [/LEDDrivers/LED1_COMP] of R714 on F.Cu
    @(277.4750 mm, 1750.6350 mm): Pad 6 [/LEDDrivers/LED1_COMP] of U710 on F.Cu
[unconnected_items]: Missing connection between items
    Local override; error
    @(274.2250 mm, 1150.0000 mm): Pad 1 [/LEDDrivers/LED1_COMP] of C712 on F.Cu
    @(174.1750 mm, 1550.0000 mm): Pad 1 [/LEDDrivers/LED1_COMP] of R714 on F.Cu
[unconnected_items]: Missing connection between items
    Local override; error
    @(175.8250 mm, 1550.0000 mm): Pad 2 [/LEDDrivers/LED1_COMP_RC] of R714 on F.Cu
    @(374.2250 mm, 1150.0000 mm): Pad 1 [/LEDDrivers/LED1_COMP_RC] of C714 on F.Cu
[unconnected_items]: Missing connection between items
    Local override; error
    @(324.0625 mm, 649.0500 mm): Pad 1 [/Outputs/FAN2_GATE] of Q511 on F.Cu
    @(325.8250 mm, 700.0000 mm): Pad 2 [/Outputs/FAN2_GATE] of R511 on F.Cu
[unconnected_items]: Missing connection between items
    Local override; error
    @(325.8250 mm, 700.0000 mm): Pad 2 [/Outputs/FAN2_GATE] of R511 on F.Cu
    @(374.1750 mm, 700.0000 mm): Pad 1 [/Outputs/FAN2_GATE] of R512 on F.Cu
[unconnected_items]: Missing connection between items
    Local override; error
    @(224.2250 mm, 50.0000 mm): Pad 1 [+12V_PROTECTED] of C102 on F.Cu
    @(173.5250 mm, 50.0000 mm): Pad 1 [+12V_PROTECTED] of C101 on F.Cu
[unconnected_items]: Missing connection between items
    Local override; error
    @(273.8625 mm, 150.9500 mm): Pad 3 [+12V_PROTECTED] of U101 on F.Cu
    @(224.2250 mm, 50.0000 mm): Pad 1 [+12V_PROTECTED] of C102 on F.Cu
[unconnected_items]: Missing connection between items
    Local override; error
    @(375.0000 mm, 100.0000 mm): Pad 1 [+12V_PROTECTED] of TP101 on F.Cu
    @(273.8625 mm, 150.9500 mm): Pad 3 [+12V_PROTECTED] of U101 on F.Cu
[unconnected_items]: Missing connection between items
    Local override; error
    @(710.8000 mm, 600.0000 mm): Pad 1 [+12V_PROTECTED] of C901 on F.Cu
    @(711.6125 mm, 650.0000 mm): Pad 1 [+12V_PROTECTED] of F902 on F.Cu
[unconnected_items]: Missing connection between items
    Local override; error
    @(710.8000 mm, 600.0000 mm): Pad 1 [+12V_PROTECTED] of C901 on F.Cu
    @(375.0000 mm, 100.0000 mm): Pad 1 [+12V_PROTECTED] of TP101 on F.Cu
[unconnected_items]: Missing connection between items
    Local override; error
    @(711.6125 mm, 650.0000 mm): Pad 1 [+12V_PROTECTED] of F902 on F.Cu
    @(761.6125 mm, 650.0000 mm): Pad 1 [+12V_PROTECTED] of F903 on F.Cu
[unconnected_items]: Missing connection between items
    Local override; error
    @(763.5250 mm, 600.0000 mm): Pad 1 [+12V_PROTECTED] of C902 on F.Cu
    @(812.8500 mm, 600.0000 mm): Pad 1 [+12V_PROTECTED] of D901 on F.Cu
[unconnected_items]: Missing connection between items
    Local override; error
    @(763.5250 mm, 600.0000 mm): Pad 1 [+12V_PROTECTED] of C902 on F.Cu
    @(761.6125 mm, 650.0000 mm): Pad 1 [+12V_PROTECTED] of F903 on F.Cu
[unconnected_items]: Missing connection between items
    Local override; error
    @(765.0000 mm, 700.0000 mm): Pad 1 [+12V_PROTECTED] of TP901 on F.Cu
    @(761.6125 mm, 650.0000 mm): Pad 1 [+12V_PROTECTED] of F903 on F.Cu
[unconnected_items]: Missing connection between items
    Local override; error
    @(862.2850 mm, 648.0950 mm): Pad 1 [+12V_PROTECTED] of Q901 on F.Cu
    @(862.2850 mm, 649.3650 mm): Pad 2 [+12V_PROTECTED] of Q901 on F.Cu
[unconnected_items]: Missing connection between items
    Local override; error
    @(862.2850 mm, 649.3650 mm): Pad 2 [+12V_PROTECTED] of Q901 on F.Cu
    @(862.2850 mm, 650.6350 mm): Pad 3 [+12V_PROTECTED] of Q901 on F.Cu
[unconnected_items]: Missing connection between items
    Local override; error
    @(863.9500 mm, 600.0000 mm): Pad 1 [+12V_PROTECTED] of D902 on F.Cu
    @(862.2850 mm, 648.0950 mm): Pad 1 [+12V_PROTECTED] of Q901 on F.Cu
[unconnected_items]: Missing connection between items
    Local override; error
    @(863.9500 mm, 600.0000 mm): Pad 1 [+12V_PROTECTED] of D902 on F.Cu
    @(812.8500 mm, 600.0000 mm): Pad 1 [+12V_PROTECTED] of D901 on F.Cu
[unconnected_items]: Missing connection between items
    Local override; error
    @(914.1750 mm, 650.0000 mm): Pad 1 [+12V_PROTECTED] of R901 on F.Cu
    @(862.2850 mm, 650.6350 mm): Pad 3 [+12V_PROTECTED] of Q901 on F.Cu
[unconnected_items]: Missing connection between items
    Local override; error
    @(324.1750 mm, 700.0000 mm): Pad 1 [FAN2_PWM] of R511 on F.Cu
    @(586.2500 mm, 207.4400 mm): Pad 11 [FAN2_PWM] of U201 on F.Cu
[unconnected_items]: Missing connection between items
    Local override; error
    @(224.1750 mm, 750.0000 mm): Pad 1 [PUMP_EN] of R521 on F.Cu
    @(586.2500 mm, 208.7100 mm): Pad 12 [PUMP_EN] of U201 on F.Cu
[unconnected_items]: Missing connection between items
    Local override; error
    @(586.2500 mm, 208.7100 mm): Pad 12 [PUMP_EN] of U201 on F.Cu
    @(544.1750 mm, 150.0000 mm): Pad 1 [PUMP_EN] of R209 on F.Cu
[unconnected_items]: Missing connection between items
    Local override; error
    @(225.8250 mm, 750.0000 mm): Pad 2 [/Outputs/PUMP_GATE] of R521 on F.Cu
    @(274.1750 mm, 750.0000 mm): Pad 1 [/Outputs/PUMP_GATE] of R522 on F.Cu
[unconnected_items]: Missing connection between items
    Local override; error
    @(274.1750 mm, 750.0000 mm): Pad 1 [/Outputs/PUMP_GATE] of R522 on F.Cu
    @(374.0625 mm, 649.0500 mm): Pad 1 [/Outputs/PUMP_GATE] of Q521 on F.Cu
[unconnected_items]: Missing connection between items
    Local override; error
    @(603.7500 mm, 197.2800 mm): Pad 36 [I2C_SCL] of U201 on F.Cu
    @(765.8250 mm, 200.0000 mm): Pad 2 [I2C_SCL] of R302 on F.Cu
[unconnected_items]: Missing connection between items
    Local override; error
    @(765.8250 mm, 200.0000 mm): Pad 2 [I2C_SCL] of R302 on F.Cu
    @(769.6500 mm, 345.5550 mm): Pad 16 [I2C_SCL] of U301 on F.Cu
[unconnected_items]: Missing connection between items
    Local override; error
    @(864.1750 mm, 200.0000 mm): Pad 1 [I2C_SCL] of R304 on F.Cu
    @(765.8250 mm, 200.0000 mm): Pad 2 [I2C_SCL] of R302 on F.Cu
[unconnected_items]: Missing connection between items
    Local override; error
    @(225.8250 mm, 1700.0000 mm): Pad 2 [/LEDDrivers/LED3_COMP_RC] of R734 on F.Cu
    @(324.2250 mm, 1300.0000 mm): Pad 1 [/LEDDrivers/LED3_COMP_RC] of C734 on F.Cu
[unconnected_items]: Missing connection between items
    Local override; error
    @(223.5250 mm, 1350.0000 mm): Pad 1 [/LEDDrivers/LED3_OUT] of C737 on F.Cu
    @(173.5250 mm, 1350.0000 mm): Pad 1 [/LEDDrivers/LED3_OUT] of C736 on F.Cu
[unconnected_items]: Missing connection between items
    Local override; error
    @(223.5250 mm, 1350.0000 mm): Pad 1 [/LEDDrivers/LED3_OUT] of C737 on F.Cu
    @(275.0000 mm, 1400.0000 mm): PTH pad 1 [/LEDDrivers/LED3_OUT] of J731
[unconnected_items]: Missing connection between items
    Local override; error
    @(275.0000 mm, 1400.0000 mm): PTH pad 1 [/LEDDrivers/LED3_OUT] of J731
    @(371.6000 mm, 1350.0000 mm): Pad 1 [/LEDDrivers/LED3_OUT] of D731 on F.Cu
[unconnected_items]: Missing connection between items
    Local override; error
    @(374.1750 mm, 1700.0000 mm): Pad 1 [/LEDDrivers/LED3_OUT] of R737 on F.Cu
    @(275.0000 mm, 1400.0000 mm): PTH pad 1 [/LEDDrivers/LED3_OUT] of J731
[unconnected_items]: Missing connection between items
    Local override; error
    @(175.0000 mm, 1400.0000 mm): PTH pad 1 [/LEDDrivers/LED1_OUT] of J711
    @(271.6000 mm, 1350.0000 mm): Pad 1 [/LEDDrivers/LED1_OUT] of D711 on F.Cu
[unconnected_items]: Missing connection between items
    Local override; error
    @(271.6000 mm, 1350.0000 mm): Pad 1 [/LEDDrivers/LED1_OUT] of D711 on F.Cu
    @(273.5250 mm, 1200.0000 mm): Pad 1 [/LEDDrivers/LED1_OUT] of C717 on F.Cu
[unconnected_items]: Missing connection between items
    Local override; error
    @(273.5250 mm, 1200.0000 mm): Pad 1 [/LEDDrivers/LED1_OUT] of C717 on F.Cu
    @(223.5250 mm, 1200.0000 mm): Pad 1 [/LEDDrivers/LED1_OUT] of C716 on F.Cu
[unconnected_items]: Missing connection between items
    Local override; error
    @(324.1750 mm, 1550.0000 mm): Pad 1 [/LEDDrivers/LED1_OUT] of R717 on F.Cu
    @(271.6000 mm, 1350.0000 mm): Pad 1 [/LEDDrivers/LED1_OUT] of D711 on F.Cu
[unconnected_items]: Missing connection between items
    Local override; error
    @(325.8250 mm, 1550.0000 mm): Pad 2 [/LEDDrivers/LED1_OVP] of R717 on F.Cu
    @(277.4750 mm, 1749.3650 mm): Pad 7 [/LEDDrivers/LED1_OVP] of U710 on F.Cu
[unconnected_items]: Missing connection between items
    Local override; error
    @(374.1750 mm, 1550.0000 mm): Pad 1 [/LEDDrivers/LED1_OVP] of R718 on F.Cu
    @(325.8250 mm, 1550.0000 mm): Pad 2 [/LEDDrivers/LED1_OVP] of R717 on F.Cu
[unconnected_items]: Missing connection between items
    Local override; error
    @(175.8250 mm, 1600.0000 mm): Pad 2 [/LEDDrivers/LED2_GATE] of R721 on F.Cu
    @(274.1750 mm, 1600.0000 mm): Pad 1 [/LEDDrivers/LED2_GATE] of R723 on F.Cu
[unconnected_items]: Missing connection between items
    Local override; error
    @(274.1750 mm, 1600.0000 mm): Pad 1 [/LEDDrivers/LED2_GATE] of R723 on F.Cu
    @(272.7140 mm, 1454.8000 mm): Pad 1 [/LEDDrivers/LED2_GATE] of Q721 on F.Cu
[unconnected_items]: Missing connection between items
    Local override; error
    @(224.1750 mm, 1600.0000 mm): Pad 1 [/LEDDrivers/LED2_SOURCE] of R722 on F.Cu
    @(275.8250 mm, 1600.0000 mm): Pad 2 [/LEDDrivers/LED2_SOURCE] of R723 on F.Cu
[unconnected_items]: Missing connection between items
    Local override; error
    @(275.8250 mm, 1600.0000 mm): Pad 2 [/LEDDrivers/LED2_SOURCE] of R723 on F.Cu
    @(372.0375 mm, 1600.0000 mm): Pad 1 [/LEDDrivers/LED2_SOURCE] of R725 on F.Cu
[unconnected_items]: Missing connection between items
    Local override; error
    @(275.8250 mm, 1600.0000 mm): Pad 2 [/LEDDrivers/LED2_SOURCE] of R723 on F.Cu
    @(277.2860 mm, 1454.8000 mm): Pad 3 [/LEDDrivers/LED2_SOURCE] of Q721 on F.Cu
[unconnected_items]: Missing connection between items
    Local override; error
    @(727.8000 mm, 50.0000 mm): Pad 1 [/MCU / ESP32/Peripherals/RTC_VBAT] of BT301 on F.Cu
    @(702.2000 mm, 50.0000 mm): Pad 1 [/MCU / ESP32/Peripherals/RTC_VBAT] of BT301 on F.Cu
[unconnected_items]: Missing connection between items
    Local override; error
    @(769.6500 mm, 348.0950 mm): Pad 14 [/MCU / ESP32/Peripherals/RTC_VBAT] of U301 on F.Cu
    @(727.8000 mm, 50.0000 mm): Pad 1 [/MCU / ESP32/Peripherals/RTC_VBAT] of BT301 on F.Cu
[unconnected_items]: Missing connection between items
    Local override; error
    @(180.5500 mm, 1450.0000 mm): Pad 2 [/LEDDrivers/LED3_SW] of L731 on F.Cu
    @(325.0000 mm, 1448.2500 mm): Pad 2 [/LEDDrivers/LED3_SW] of Q731 on F.Cu
[unconnected_items]: Missing connection between items
    Local override; error
    @(325.0000 mm, 1448.2500 mm): Pad 2 [/LEDDrivers/LED3_SW] of Q731 on F.Cu
    @(378.4000 mm, 1350.0000 mm): Pad 2 [/LEDDrivers/LED3_SW] of D731 on F.Cu
[unconnected_items]: Missing connection between items
    Local override; error
    @(715.8250 mm, 350.0000 mm): Pad 2 [/MCU / ESP32/Peripherals/SD_MOSI_CARD] of R410 on F.Cu
    @(815.8250 mm, 250.0000 mm): Pad 2 [/MCU / ESP32/Peripherals/SD_MOSI_CARD] of R402 on F.Cu
[unconnected_items]: Missing connection between items
    Local override; error
    @(815.8250 mm, 250.0000 mm): Pad 2 [/MCU / ESP32/Peripherals/SD_MOSI_CARD] of R402 on F.Cu
    @(914.0950 mm, 144.5500 mm): Pad 3 [/MCU / ESP32/Peripherals/SD_MOSI_CARD] of J401 on F.Cu
[unconnected_items]: Missing connection between items
    Local override; error
    @(914.0950 mm, 144.5500 mm): Pad 3 [/MCU / ESP32/Peripherals/SD_MOSI_CARD] of J401 on F.Cu
    @(864.1125 mm, 100.6500 mm): Pad 2 [/MCU / ESP32/Peripherals/SD_MOSI_CARD] of D401 on F.Cu
[unconnected_items]: Missing connection between items
    Local override; error
    @(228.5000 mm, 645.0000 mm): PTH pad 2 [/Outputs/PUMP_DRAIN] of J521
    @(228.5000 mm, 650.0000 mm): PTH pad 2 [/Outputs/PUMP_DRAIN] of J521
[unconnected_items]: Missing connection between items
    Local override; error
    @(328.4000 mm, 600.0000 mm): Pad 2 [/Outputs/PUMP_DRAIN] of D521 on F.Cu
    @(228.5000 mm, 645.0000 mm): PTH pad 2 [/Outputs/PUMP_DRAIN] of J521
[unconnected_items]: Missing connection between items
    Local override; error
    @(375.9375 mm, 650.0000 mm): Pad 3 [/Outputs/PUMP_DRAIN] of Q521 on F.Cu
    @(328.4000 mm, 600.0000 mm): Pad 2 [/Outputs/PUMP_DRAIN] of D521 on F.Cu
[unconnected_items]: Missing connection between items
    Local override; error
    @(862.2850 mm, 651.9050 mm): Pad 4 [/InputPower/Q901_GATE] of Q901 on F.Cu
    @(915.8250 mm, 650.0000 mm): Pad 2 [/InputPower/Q901_GATE] of R901 on F.Cu
[unconnected_items]: Missing connection between items
    Local override; error
    @(862.2850 mm, 651.9050 mm): Pad 4 [/InputPower/Q901_GATE] of Q901 on F.Cu
    @(714.1750 mm, 700.0000 mm): Pad 1 [/InputPower/Q901_GATE] of R902 on F.Cu
[unconnected_items]: Missing connection between items
    Local override; error
    @(866.0500 mm, 600.0000 mm): Pad 2 [/InputPower/Q901_GATE] of D902 on F.Cu
    @(862.2850 mm, 651.9050 mm): Pad 4 [/InputPower/Q901_GATE] of Q901 on F.Cu
[unconnected_items]: Missing connection between items
    Local override; error
    @(603.7500 mm, 203.6300 mm): Pad 31 [SD_MISO] of U201 on F.Cu
    @(914.1750 mm, 250.0000 mm): Pad 1 [SD_MISO] of R404 on F.Cu
[unconnected_items]: Missing connection between items
    Local override; error
    @(715.8250 mm, 300.0000 mm): Pad 2 [/MCU / ESP32/Peripherals/SD_MISO_CARD] of R405 on F.Cu
    @(915.8250 mm, 250.0000 mm): Pad 2 [/MCU / ESP32/Peripherals/SD_MISO_CARD] of R404 on F.Cu
[unconnected_items]: Missing connection between items
    Local override; error
    @(915.8250 mm, 250.0000 mm): Pad 2 [/MCU / ESP32/Peripherals/SD_MISO_CARD] of R404 on F.Cu
    @(918.4950 mm, 144.5500 mm): Pad 7 [/MCU / ESP32/Peripherals/SD_MISO_CARD] of J401 on F.Cu
[unconnected_items]: Missing connection between items
    Local override; error
    @(918.4950 mm, 144.5500 mm): Pad 7 [/MCU / ESP32/Peripherals/SD_MISO_CARD] of J401 on F.Cu
    @(914.1125 mm, 100.6500 mm): Pad 2 [/MCU / ESP32/Peripherals/SD_MISO_CARD] of D402 on F.Cu
[unconnected_items]: Missing connection between items
    Local override; error
    @(185.5000 mm, 645.0000 mm): PTH pad 4 [/Outputs/FAN2_PWM_EXT] of J511
    @(185.5000 mm, 650.0000 mm): PTH pad 4 [/Outputs/FAN2_PWM_EXT] of J511
[unconnected_items]: Missing connection between items
    Local override; error
    @(274.1125 mm, 599.3500 mm): Pad 1 [/Outputs/FAN2_PWM_EXT] of D511 on F.Cu
    @(185.5000 mm, 645.0000 mm): PTH pad 4 [/Outputs/FAN2_PWM_EXT] of J511
[unconnected_items]: Missing connection between items
    Local override; error
    @(325.9375 mm, 650.0000 mm): Pad 3 [/Outputs/FAN2_PWM_EXT] of Q511 on F.Cu
    @(274.1125 mm, 599.3500 mm): Pad 1 [/Outputs/FAN2_PWM_EXT] of D511 on F.Cu
[unconnected_items]: Missing connection between items
    Local override; error
    @(714.1125 mm, 149.3500 mm): Pad 1 [/MCU / ESP32/Peripherals/SD_DAT1] of D403 on F.Cu
    @(765.8250 mm, 300.0000 mm): Pad 2 [/MCU / ESP32/Peripherals/SD_DAT1] of R406 on F.Cu
[unconnected_items]: Missing connection between items
    Local override; error
    @(919.5450 mm, 144.5500 mm): Pad 8 [/MCU / ESP32/Peripherals/SD_DAT1] of J401 on F.Cu
    @(714.1125 mm, 149.3500 mm): Pad 1 [/MCU / ESP32/Peripherals/SD_DAT1] of D403 on F.Cu
[unconnected_items]: Missing connection between items
    Local override; error
    @(603.7500 mm, 204.9000 mm): Pad 30 [SD_SCK] of U201 on F.Cu
    @(764.1750 mm, 250.0000 mm): Pad 1 [SD_SCK] of R401 on F.Cu
[unconnected_items]: Missing connection between items
    Local override; error
    @(864.1125 mm, 99.3500 mm): Pad 1 [/MCU / ESP32/Peripherals/SD_SCK_CARD] of D401 on F.Cu
    @(765.8250 mm, 250.0000 mm): Pad 2 [/MCU / ESP32/Peripherals/SD_SCK_CARD] of R401 on F.Cu
[unconnected_items]: Missing connection between items
    Local override; error
    @(916.2950 mm, 144.5500 mm): Pad 5 [/MCU / ESP32/Peripherals/SD_SCK_CARD] of J401 on F.Cu
    @(864.1125 mm, 99.3500 mm): Pad 1 [/MCU / ESP32/Peripherals/SD_SCK_CARD] of D401 on F.Cu
[unconnected_items]: Missing connection between items
    Local override; error
    @(272.0375 mm, 1550.0000 mm): Pad 1 [/LEDDrivers/LED1_RETURN] of R716 on F.Cu
    @(180.0800 mm, 1400.0000 mm): PTH pad 2 [/LEDDrivers/LED1_RETURN] of J711
[unconnected_items]: Missing connection between items
    Local override; error
    @(277.4750 mm, 1751.9050 mm): Pad 5 [/LEDDrivers/LED1_RETURN] of U710 on F.Cu
    @(272.0375 mm, 1550.0000 mm): Pad 1 [/LEDDrivers/LED1_RETURN] of R716 on F.Cu
[unconnected_items]: Missing connection between items
    Local override; error
    @(822.5000 mm, 150.0000 mm): PTH pad 4 [/MCU / ESP32/Peripherals/SHT_SCL_EXT] of J301
    @(764.1125 mm, 100.6500 mm): Pad 2 [/MCU / ESP32/Peripherals/SHT_SCL_EXT] of D301 on F.Cu
[unconnected_items]: Missing connection between items
    Local override; error
    @(865.8250 mm, 200.0000 mm): Pad 2 [/MCU / ESP32/Peripherals/SHT_SCL_EXT] of R304 on F.Cu
    @(822.5000 mm, 150.0000 mm): PTH pad 4 [/MCU / ESP32/Peripherals/SHT_SCL_EXT] of J301
[unconnected_items]: Missing connection between items
    Local override; error
    @(594.1750 mm, 100.0000 mm): Pad 1 [/MCU / ESP32/UART_TX0] of R205 on F.Cu
    @(603.7500 mm, 198.5500 mm): Pad 35 [/MCU / ESP32/UART_TX0] of U201 on F.Cu
[unconnected_items]: Missing connection between items
    Local override; error
    @(595.0000 mm, 55.0800 mm): PTH pad 3 [/MCU / ESP32/PROG_TX_FROM_ESP] of J201
    @(595.8250 mm, 100.0000 mm): Pad 2 [/MCU / ESP32/PROG_TX_FROM_ESP] of R205 on F.Cu
[unconnected_items]: Missing connection between items
    Local override; error
    @(224.1125 mm, 599.3500 mm): Pad 1 [/Outputs/FAN1_PWM_EXT] of D501 on F.Cu
    @(275.9375 mm, 650.0000 mm): Pad 3 [/Outputs/FAN1_PWM_EXT] of Q501 on F.Cu
[unconnected_items]: Missing connection between items
    Local override; error
    @(275.9375 mm, 650.0000 mm): Pad 3 [/Outputs/FAN1_PWM_EXT] of Q501 on F.Cu
    @(385.5000 mm, 600.0000 mm): PTH pad 4 [/Outputs/FAN1_PWM_EXT] of J501
[unconnected_items]: Missing connection between items
    Local override; error
    @(385.5000 mm, 600.0000 mm): PTH pad 4 [/Outputs/FAN1_PWM_EXT] of J501
    @(385.5000 mm, 595.0000 mm): PTH pad 4 [/Outputs/FAN1_PWM_EXT] of J501
[unconnected_items]: Missing connection between items
    Local override; error
    @(495.8250 mm, 150.0000 mm): Pad 2 [FAN2_TACH] of R208 on F.Cu
    @(174.1750 mm, 750.0000 mm): Pad 1 [FAN2_TACH] of R513 on F.Cu
[unconnected_items]: Missing connection between items
    Local override; error
    @(586.2500 mm, 202.3600 mm): Pad 7 [FAN2_TACH] of U201 on F.Cu
    @(495.8250 mm, 150.0000 mm): Pad 2 [FAN2_TACH] of R208 on F.Cu
[unconnected_items]: Missing connection between items
    Local override; error
    @(223.8625 mm, 1749.0500 mm): Pad 1 [LIGHT_PWM] of U700 on F.Cu
    @(374.1750 mm, 1450.0000 mm): Pad 1 [LIGHT_PWM] of R701 on F.Cu
[unconnected_items]: Missing connection between items
    Local override; error
    @(374.1750 mm, 1450.0000 mm): Pad 1 [LIGHT_PWM] of R701 on F.Cu
    @(586.2500 mm, 203.6300 mm): Pad 8 [LIGHT_PWM] of U201 on F.Cu
[unconnected_items]: Missing connection between items
    Local override; error
    @(644.1750 mm, 150.0000 mm): Pad 1 [LIGHT_PWM] of R211 on F.Cu
    @(586.2500 mm, 203.6300 mm): Pad 8 [LIGHT_PWM] of U201 on F.Cu
[unconnected_items]: Missing connection between items
    Local override; error
    @(494.1750 mm, 100.0000 mm): Pad 1 [/MCU / ESP32/BOOT_VDD_SDIO] of R203 on F.Cu
    @(586.2500 mm, 211.2500 mm): Pad 14 [/MCU / ESP32/BOOT_VDD_SDIO] of U201 on F.Cu
[unconnected_items]: Missing connection between items
    Local override; error
    @(590.5550 mm, 212.5000 mm): Pad 16 [SD_CS] of U201 on F.Cu
    @(864.1750 mm, 250.0000 mm): Pad 1 [SD_CS] of R403 on F.Cu
[unconnected_items]: Missing connection between items
    Local override; error
    @(445.8250 mm, 100.0000 mm): Pad 2 [/MCU / ESP32/ESP_IO0] of R202 on F.Cu
    @(541.8500 mm, 198.1000 mm): Pad 1 [/MCU / ESP32/ESP_IO0] of SW202 on F.Cu
[unconnected_items]: Missing connection between items
    Local override; error
    @(541.8500 mm, 198.1000 mm): Pad 1 [/MCU / ESP32/ESP_IO0] of SW202 on F.Cu
    @(548.1500 mm, 198.1000 mm): Pad 1 [/MCU / ESP32/ESP_IO0] of SW202 on F.Cu
[unconnected_items]: Missing connection between items
    Local override; error
    @(548.1500 mm, 198.1000 mm): Pad 1 [/MCU / ESP32/ESP_IO0] of SW202 on F.Cu
    @(603.7500 mm, 211.2500 mm): Pad 25 [/MCU / ESP32/ESP_IO0] of U201 on F.Cu
[unconnected_items]: Missing connection between items
    Local override; error
    @(548.1500 mm, 198.1000 mm): Pad 1 [/MCU / ESP32/ESP_IO0] of SW202 on F.Cu
    @(595.0000 mm, 62.7000 mm): PTH pad 6 [/MCU / ESP32/ESP_IO0] of J201
[unconnected_items]: Missing connection between items
    Local override; error
    @(174.1750 mm, 1500.0000 mm): Pad 1 [LIGHT_ENABLE] of R702 on F.Cu
    @(223.8625 mm, 1750.0000 mm): Pad 2 [LIGHT_ENABLE] of U700 on F.Cu
[unconnected_items]: Missing connection between items
    Local override; error
    @(444.1750 mm, 200.0000 mm): Pad 1 [LIGHT_ENABLE] of R212 on F.Cu
    @(174.1750 mm, 1500.0000 mm): Pad 1 [LIGHT_ENABLE] of R702 on F.Cu
[unconnected_items]: Missing connection between items
    Local override; error
    @(603.7500 mm, 208.7100 mm): Pad 27 [LIGHT_ENABLE] of U201 on F.Cu
    @(444.1750 mm, 200.0000 mm): Pad 1 [LIGHT_ENABLE] of R212 on F.Cu
[unconnected_items]: Missing connection between items
    Local override; error
    @(715.8250 mm, 200.0000 mm): Pad 2 [I2C_SDA] of R301 on F.Cu
    @(603.7500 mm, 201.0900 mm): Pad 33 [I2C_SDA] of U201 on F.Cu
[unconnected_items]: Missing connection between items
    Local override; error
    @(769.6500 mm, 346.8250 mm): Pad 15 [I2C_SDA] of U301 on F.Cu
    @(814.1750 mm, 200.0000 mm): Pad 1 [I2C_SDA] of R303 on F.Cu
[unconnected_items]: Missing connection between items
    Local override; error
    @(814.1750 mm, 200.0000 mm): Pad 1 [I2C_SDA] of R303 on F.Cu
    @(715.8250 mm, 200.0000 mm): Pad 2 [I2C_SDA] of R301 on F.Cu
[unconnected_items]: Missing connection between items
    Local override; error
    @(603.7500 mm, 199.8200 mm): Pad 34 [/MCU / ESP32/UART_RX0] of U201 on F.Cu
    @(645.8250 mm, 100.0000 mm): Pad 2 [/MCU / ESP32/UART_RX0] of R206 on F.Cu
[unconnected_items]: Missing connection between items
    Local override; error
    @(603.7500 mm, 196.0100 mm): Pad 37 [SD_MOSI] of U201 on F.Cu
    @(814.1750 mm, 250.0000 mm): Pad 1 [SD_MOSI] of R402 on F.Cu
[unconnected_items]: Missing connection between items
    Local override; error
    @(174.2250 mm, 1250.0000 mm): Pad 1 [/LEDDrivers/LED2_CS] of C723 on F.Cu
    @(225.8250 mm, 1600.0000 mm): Pad 2 [/LEDDrivers/LED2_CS] of R722 on F.Cu
[unconnected_items]: Missing connection between items
    Local override; error
    @(225.8250 mm, 1600.0000 mm): Pad 2 [/LEDDrivers/LED2_CS] of R722 on F.Cu
    @(322.5250 mm, 1751.9050 mm): Pad 4 [/LEDDrivers/LED2_CS] of U720 on F.Cu
[unconnected_items]: Missing connection between items
    Local override; error
    @(324.1750 mm, 1650.0000 mm): Pad 1 [/LEDDrivers/LED3_DRV] of R731 on F.Cu
    @(372.5250 mm, 1749.3650 mm): Pad 2 [/LEDDrivers/LED3_DRV] of U730 on F.Cu
[unconnected_items]: Missing connection between items
    Local override; error
    @(174.1750 mm, 1700.0000 mm): Pad 1 [/LEDDrivers/LED3_GATE] of R733 on F.Cu
    @(325.8250 mm, 1650.0000 mm): Pad 2 [/LEDDrivers/LED3_GATE] of R731 on F.Cu
[unconnected_items]: Missing connection between items
    Local override; error
    @(325.8250 mm, 1650.0000 mm): Pad 2 [/LEDDrivers/LED3_GATE] of R731 on F.Cu
    @(322.7140 mm, 1454.8000 mm): Pad 1 [/LEDDrivers/LED3_GATE] of Q731 on F.Cu
[unconnected_items]: Missing connection between items
    Local override; error
    @(175.8250 mm, 1700.0000 mm): Pad 2 [/LEDDrivers/LED3_SOURCE] of R733 on F.Cu
    @(272.0375 mm, 1700.0000 mm): Pad 1 [/LEDDrivers/LED3_SOURCE] of R735 on F.Cu
[unconnected_items]: Missing connection between items
    Local override; error
    @(272.0375 mm, 1700.0000 mm): Pad 1 [/LEDDrivers/LED3_SOURCE] of R735 on F.Cu
    @(374.1750 mm, 1650.0000 mm): Pad 1 [/LEDDrivers/LED3_SOURCE] of R732 on F.Cu
[unconnected_items]: Missing connection between items
    Local override; error
    @(374.1750 mm, 1650.0000 mm): Pad 1 [/LEDDrivers/LED3_SOURCE] of R732 on F.Cu
    @(327.2860 mm, 1454.8000 mm): Pad 3 [/LEDDrivers/LED3_SOURCE] of Q731 on F.Cu
[unconnected_items]: Missing connection between items
    Local override; error
    @(324.1750 mm, 1600.0000 mm): Pad 1 [/LEDDrivers/LED2_COMP] of R724 on F.Cu
    @(327.4750 mm, 1750.6350 mm): Pad 6 [/LEDDrivers/LED2_COMP] of U720 on F.Cu
[unconnected_items]: Missing connection between items
    Local override; error
    @(374.2250 mm, 1200.0000 mm): Pad 1 [/LEDDrivers/LED2_COMP] of C722 on F.Cu
    @(324.1750 mm, 1600.0000 mm): Pad 1 [/LEDDrivers/LED2_COMP] of R724 on F.Cu
[unconnected_items]: Missing connection between items
    Local override; error
    @(225.0000 mm, 1400.0000 mm): PTH pad 1 [/LEDDrivers/LED2_OUT] of J721
    @(321.6000 mm, 1350.0000 mm): Pad 1 [/LEDDrivers/LED2_OUT] of D721 on F.Cu
[unconnected_items]: Missing connection between items
    Local override; error
    @(225.0000 mm, 1400.0000 mm): PTH pad 1 [/LEDDrivers/LED2_OUT] of J721
    @(224.1750 mm, 1650.0000 mm): Pad 1 [/LEDDrivers/LED2_OUT] of R727 on F.Cu
[unconnected_items]: Missing connection between items
    Local override; error
    @(321.6000 mm, 1350.0000 mm): Pad 1 [/LEDDrivers/LED2_OUT] of D721 on F.Cu
    @(323.5250 mm, 1250.0000 mm): Pad 1 [/LEDDrivers/LED2_OUT] of C726 on F.Cu
[unconnected_items]: Missing connection between items
    Local override; error
    @(373.5250 mm, 1250.0000 mm): Pad 1 [/LEDDrivers/LED2_OUT] of C727 on F.Cu
    @(323.5250 mm, 1250.0000 mm): Pad 1 [/LEDDrivers/LED2_OUT] of C726 on F.Cu
[unconnected_items]: Missing connection between items
    Local override; error
    @(274.1750 mm, 1650.0000 mm): Pad 1 [/LEDDrivers/LED2_OVP] of R728 on F.Cu
    @(225.8250 mm, 1650.0000 mm): Pad 2 [/LEDDrivers/LED2_OVP] of R727 on F.Cu
[unconnected_items]: Missing connection between items
    Local override; error
    @(327.4750 mm, 1749.3650 mm): Pad 7 [/LEDDrivers/LED2_OVP] of U720 on F.Cu
    @(274.1750 mm, 1650.0000 mm): Pad 1 [/LEDDrivers/LED2_OVP] of R728 on F.Cu
[unconnected_items]: Missing connection between items
    Local override; error
    @(815.0000 mm, 650.0000 mm): PTH pad 1 [+12V_IN] of J901
    @(911.6125 mm, 600.0000 mm): Pad 1 [+12V_IN] of F901 on F.Cu
[unconnected_items]: Missing connection between items
    Local override; error
    @(865.8250 mm, 250.0000 mm): Pad 2 [/MCU / ESP32/Peripherals/SD_CS_CARD] of R403 on F.Cu
    @(865.8250 mm, 300.0000 mm): Pad 2 [/MCU / ESP32/Peripherals/SD_CS_CARD] of R408 on F.Cu
[unconnected_items]: Missing connection between items
    Local override; error
    @(912.9950 mm, 144.5500 mm): Pad 2 [/MCU / ESP32/Peripherals/SD_CS_CARD] of J401 on F.Cu
    @(914.1125 mm, 99.3500 mm): Pad 1 [/MCU / ESP32/Peripherals/SD_CS_CARD] of D402 on F.Cu
[unconnected_items]: Missing connection between items
    Local override; error
    @(912.9950 mm, 144.5500 mm): Pad 2 [/MCU / ESP32/Peripherals/SD_CS_CARD] of J401 on F.Cu
    @(865.8250 mm, 250.0000 mm): Pad 2 [/MCU / ESP32/Peripherals/SD_CS_CARD] of R403 on F.Cu
[unconnected_items]: Missing connection between items
    Local override; error
    @(174.1750 mm, 1750.0000 mm): Pad 1 [/LEDDrivers/LED3_OVP] of R738 on F.Cu
    @(377.4750 mm, 1749.3650 mm): Pad 7 [/LEDDrivers/LED3_OVP] of U730 on F.Cu
[unconnected_items]: Missing connection between items
    Local override; error
    @(377.4750 mm, 1749.3650 mm): Pad 7 [/LEDDrivers/LED3_OVP] of U730 on F.Cu
    @(375.8250 mm, 1700.0000 mm): Pad 2 [/LEDDrivers/LED3_OVP] of R737 on F.Cu
[unconnected_items]: Missing connection between items
    Local override; error
    @(372.5250 mm, 1751.9050 mm): Pad 4 [/LEDDrivers/LED3_CS] of U730 on F.Cu
    @(375.8250 mm, 1650.0000 mm): Pad 2 [/LEDDrivers/LED3_CS] of R732 on F.Cu
[unconnected_items]: Missing connection between items
    Local override; error
    @(375.8250 mm, 1650.0000 mm): Pad 2 [/LEDDrivers/LED3_CS] of R732 on F.Cu
    @(274.2250 mm, 1300.0000 mm): Pad 1 [/LEDDrivers/LED3_CS] of C733 on F.Cu
[unconnected_items]: Missing connection between items
    Local override; error
    @(224.1750 mm, 1500.0000 mm): Pad 1 [/LEDDrivers/LED_DIM] of R703 on F.Cu
    @(226.1375 mm, 1750.9500 mm): Pad 4 [/LEDDrivers/LED_DIM] of U700 on F.Cu
[unconnected_items]: Missing connection between items
    Local override; error
    @(277.4750 mm, 1748.0950 mm): Pad 8 [/LEDDrivers/LED_DIM] of U710 on F.Cu
    @(327.4750 mm, 1748.0950 mm): Pad 8 [/LEDDrivers/LED_DIM] of U720 on F.Cu
[unconnected_items]: Missing connection between items
    Local override; error
    @(277.4750 mm, 1748.0950 mm): Pad 8 [/LEDDrivers/LED_DIM] of U710 on F.Cu
    @(226.1375 mm, 1750.9500 mm): Pad 4 [/LEDDrivers/LED_DIM] of U700 on F.Cu
[unconnected_items]: Missing connection between items
    Local override; error
    @(327.4750 mm, 1748.0950 mm): Pad 8 [/LEDDrivers/LED_DIM] of U720 on F.Cu
    @(377.4750 mm, 1748.0950 mm): Pad 8 [/LEDDrivers/LED_DIM] of U730 on F.Cu
[unconnected_items]: Missing connection between items
    Local override; error
    @(224.2250 mm, 1250.0000 mm): Pad 1 [/LEDDrivers/LED2_COMP_RC] of C724 on F.Cu
    @(325.8250 mm, 1600.0000 mm): Pad 2 [/LEDDrivers/LED2_COMP_RC] of R724 on F.Cu
[unconnected_items]: Missing connection between items
    Local override; error
    @(227.7950 mm, 1448.0950 mm): Pad 5 [/LEDDrivers/LED1_SW] of Q711 on F.Cu
    @(278.4000 mm, 1350.0000 mm): Pad 2 [/LEDDrivers/LED1_SW] of D711 on F.Cu
[unconnected_items]: Missing connection between items
    Local override; error
    @(330.5500 mm, 1400.0000 mm): Pad 2 [/LEDDrivers/LED1_SW] of L711 on F.Cu
    @(278.4000 mm, 1350.0000 mm): Pad 2 [/LEDDrivers/LED1_SW] of D711 on F.Cu
[unconnected_items]: Missing connection between items
    Local override; error
    @(272.5250 mm, 1751.9050 mm): Pad 4 [/LEDDrivers/LED1_CS] of U710 on F.Cu
    @(325.8250 mm, 1500.0000 mm): Pad 2 [/LEDDrivers/LED1_CS] of R712 on F.Cu
[unconnected_items]: Missing connection between items
    Local override; error
    @(325.8250 mm, 1500.0000 mm): Pad 2 [/LEDDrivers/LED1_CS] of R712 on F.Cu
    @(324.2250 mm, 1150.0000 mm): Pad 1 [/LEDDrivers/LED1_CS] of C713 on F.Cu
[unconnected_items]: Missing connection between items
    Local override; error
    @(595.0000 mm, 57.6200 mm): PTH pad 4 [/MCU / ESP32/PROG_RX_TO_ESP] of J201
    @(644.1750 mm, 100.0000 mm): Pad 1 [/MCU / ESP32/PROG_RX_TO_ESP] of R206 on F.Cu
[unconnected_items]: Missing connection between items
    Local override; error
    @(865.0000 mm, 145.0000 mm): PTH pad 1 [/MCU / ESP32/Peripherals/WATER_EXT] of J302
    @(814.1125 mm, 99.3500 mm): Pad 1 [/MCU / ESP32/Peripherals/WATER_EXT] of D302 on F.Cu
[unconnected_items]: Missing connection between items
    Local override; error
    @(865.0000 mm, 150.0000 mm): PTH pad 1 [/MCU / ESP32/Peripherals/WATER_EXT] of J302
    @(865.0000 mm, 145.0000 mm): PTH pad 1 [/MCU / ESP32/Peripherals/WATER_EXT] of J302
[unconnected_items]: Missing connection between items
    Local override; error
    @(865.0000 mm, 150.0000 mm): PTH pad 1 [/MCU / ESP32/Peripherals/WATER_EXT] of J302
    @(915.8250 mm, 200.0000 mm): Pad 2 [/MCU / ESP32/Peripherals/WATER_EXT] of R305 on F.Cu
[unconnected_items]: Missing connection between items
    Local override; error
    @(545.8250 mm, 100.0000 mm): Pad 2 [/MCU / ESP32/VREF_3V3] of R204 on F.Cu
    @(595.0000 mm, 52.5400 mm): PTH pad 2 [/MCU / ESP32/VREF_3V3] of J201
[unconnected_items]: Missing connection between items
    Local override; error
    @(173.5375 mm, 1650.0000 mm): Pad 1 [/LEDDrivers/LED2_RETURN] of R726 on F.Cu
    @(327.4750 mm, 1751.9050 mm): Pad 5 [/LEDDrivers/LED2_RETURN] of U720 on F.Cu
[unconnected_items]: Missing connection between items
    Local override; error
    @(230.0800 mm, 1400.0000 mm): PTH pad 2 [/LEDDrivers/LED2_RETURN] of J721
    @(173.5375 mm, 1650.0000 mm): Pad 1 [/LEDDrivers/LED2_RETURN] of R726 on F.Cu
[unconnected_items]: Missing connection between items
    Local override; error
    @(918.3875 mm, 600.0000 mm): Pad 2 [+12V_FUSED] of F901 on F.Cu
    @(867.8700 mm, 647.7850 mm): Pad 5 [+12V_FUSED] of Q901 on F.Cu
[unconnected_items]: Missing connection between items
    Local override; error
    @(445.8250 mm, 650.0000 mm): Pad 2 [/Outputs/Heater/HEATER_GATE] of R601 on F.Cu
    @(494.1750 mm, 650.0000 mm): Pad 1 [/Outputs/Heater/HEATER_GATE] of R602 on F.Cu
[unconnected_items]: Missing connection between items
    Local override; error
    @(494.1750 mm, 650.0000 mm): Pad 1 [/Outputs/Heater/HEATER_GATE] of R602 on F.Cu
    @(642.2527 mm, 601.9050 mm): Pad 4 [/Outputs/Heater/HEATER_GATE] of Q601 on F.Cu
[unconnected_items]: Missing connection between items
    Local override; error
    @(174.1750 mm, 1600.0000 mm): Pad 1 [/LEDDrivers/LED2_DRV] of R721 on F.Cu
    @(322.5250 mm, 1749.3650 mm): Pad 2 [/LEDDrivers/LED2_DRV] of U720 on F.Cu
[unconnected_items]: Missing connection between items
    Local override; error
    @(175.8250 mm, 750.0000 mm): Pad 2 [/Outputs/FAN2_TACH_EXT] of R513 on F.Cu
    @(182.0000 mm, 650.0000 mm): PTH pad 3 [/Outputs/FAN2_TACH_EXT] of J511
[unconnected_items]: Missing connection between items
    Local override; error
    @(182.0000 mm, 645.0000 mm): PTH pad 3 [/Outputs/FAN2_TACH_EXT] of J511
    @(182.0000 mm, 650.0000 mm): PTH pad 3 [/Outputs/FAN2_TACH_EXT] of J511
[unconnected_items]: Missing connection between items
    Local override; error
    @(274.1125 mm, 600.6500 mm): Pad 2 [/Outputs/FAN2_TACH_EXT] of D511 on F.Cu
    @(182.0000 mm, 645.0000 mm): PTH pad 3 [/Outputs/FAN2_TACH_EXT] of J511
[unconnected_items]: Missing connection between items
    Local override; error
    @(815.8250 mm, 200.0000 mm): Pad 2 [/MCU / ESP32/Peripherals/SHT_SDA_EXT] of R303 on F.Cu
    @(820.0000 mm, 150.0000 mm): PTH pad 3 [/MCU / ESP32/Peripherals/SHT_SDA_EXT] of J301
[unconnected_items]: Missing connection between items
    Local override; error
    @(820.0000 mm, 150.0000 mm): PTH pad 3 [/MCU / ESP32/Peripherals/SHT_SDA_EXT] of J301
    @(764.1125 mm, 99.3500 mm): Pad 1 [/MCU / ESP32/Peripherals/SHT_SDA_EXT] of D301 on F.Cu

** Found 0 Footprint errors **

** Ignored checks **
    - Footprint has no courtyard defined
    - Track endpoint not centered on via
    - Tuning profile track geometries
    - Footprint doesn't match symbol's footprint filters
    - Footprint component type doesn't match footprint pads

** End of Report **
